Component: ARM Compiler 5.05 update 1 (build 106) Tool: armlink [4d0efa]

==============================================================================

Section Cross References

    system_stm32f10x.o(i.SetSysClock) refers to system_stm32f10x.o(i.SetSysClockTo72) for SetSysClockTo72
    system_stm32f10x.o(i.SystemCoreClockUpdate) refers to system_stm32f10x.o(.data) for SystemCoreClock
    system_stm32f10x.o(i.SystemInit) refers to system_stm32f10x.o(i.SetSysClock) for SetSysClock
    startup_stm32f10x_md.o(STACK) refers (Special) to heapauxi.o(.text) for __use_two_region_memory
    startup_stm32f10x_md.o(HEAP) refers (Special) to heapauxi.o(.text) for __use_two_region_memory
    startup_stm32f10x_md.o(RESET) refers (Special) to heapauxi.o(.text) for __use_two_region_memory
    startup_stm32f10x_md.o(RESET) refers to startup_stm32f10x_md.o(STACK) for __initial_sp
    startup_stm32f10x_md.o(RESET) refers to startup_stm32f10x_md.o(.text) for Reset_Handler
    startup_stm32f10x_md.o(RESET) refers to stm32f10x_it.o(i.NMI_Handler) for NMI_Handler
    startup_stm32f10x_md.o(RESET) refers to stm32f10x_it.o(i.HardFault_Handler) for HardFault_Handler
    startup_stm32f10x_md.o(RESET) refers to stm32f10x_it.o(i.MemManage_Handler) for MemManage_Handler
    startup_stm32f10x_md.o(RESET) refers to stm32f10x_it.o(i.BusFault_Handler) for BusFault_Handler
    startup_stm32f10x_md.o(RESET) refers to stm32f10x_it.o(i.UsageFault_Handler) for UsageFault_Handler
    startup_stm32f10x_md.o(RESET) refers to stm32f10x_it.o(i.SVC_Handler) for SVC_Handler
    startup_stm32f10x_md.o(RESET) refers to stm32f10x_it.o(i.DebugMon_Handler) for DebugMon_Handler
    startup_stm32f10x_md.o(RESET) refers to stm32f10x_it.o(i.PendSV_Handler) for PendSV_Handler
    startup_stm32f10x_md.o(RESET) refers to systick.o(i.SysTick_Handler) for SysTick_Handler
    startup_stm32f10x_md.o(RESET) refers to stm32f10x_it.o(i.TIM3_IRQHandler) for TIM3_IRQHandler
    startup_stm32f10x_md.o(RESET) refers to usart.o(i.USART1_IRQHandler) for USART1_IRQHandler
    startup_stm32f10x_md.o(RESET) refers to esp8266.o(i.USART2_IRQHandler) for USART2_IRQHandler
    startup_stm32f10x_md.o(.text) refers (Special) to heapauxi.o(.text) for __use_two_region_memory
    startup_stm32f10x_md.o(.text) refers to system_stm32f10x.o(i.SystemInit) for SystemInit
    startup_stm32f10x_md.o(.text) refers to __main.o(!!!main) for __main
    startup_stm32f10x_md.o(.text) refers to startup_stm32f10x_md.o(HEAP) for Heap_Mem
    startup_stm32f10x_md.o(.text) refers to startup_stm32f10x_md.o(STACK) for Stack_Mem
    systick.o(i.SysTick_Config) refers to systick.o(i.NVIC_SetPriority) for NVIC_SetPriority
    systick.o(i.SysTick_Handler) refers to systick.o(.data) for mdelay_time
    systick.o(i.mdelay) refers to systick.o(i.SysTick_Config) for SysTick_Config
    systick.o(i.mdelay) refers to systick.o(i.NVIC_SetPriority) for NVIC_SetPriority
    systick.o(i.mdelay) refers to system_stm32f10x.o(.data) for SystemCoreClock
    systick.o(i.mdelay) refers to systick.o(.data) for mdelay_time
    systick.o(i.udelay) refers to systick.o(i.SysTick_Config) for SysTick_Config
    systick.o(i.udelay) refers to systick.o(i.NVIC_SetPriority) for NVIC_SetPriority
    systick.o(i.udelay) refers to system_stm32f10x.o(.data) for SystemCoreClock
    systick.o(i.udelay) refers to systick.o(.data) for mdelay_time
    stm32f10x_adc.o(i.ADC_DeInit) refers to stm32f10x_rcc.o(i.RCC_APB2PeriphResetCmd) for RCC_APB2PeriphResetCmd
    stm32f10x_bkp.o(i.BKP_DeInit) refers to stm32f10x_rcc.o(i.RCC_BackupResetCmd) for RCC_BackupResetCmd
    stm32f10x_can.o(i.CAN_DeInit) refers to stm32f10x_rcc.o(i.RCC_APB1PeriphResetCmd) for RCC_APB1PeriphResetCmd
    stm32f10x_can.o(i.CAN_GetITStatus) refers to stm32f10x_can.o(i.CheckITStatus) for CheckITStatus
    stm32f10x_cec.o(i.CEC_DeInit) refers to stm32f10x_rcc.o(i.RCC_APB1PeriphResetCmd) for RCC_APB1PeriphResetCmd
    stm32f10x_dac.o(i.DAC_DeInit) refers to stm32f10x_rcc.o(i.RCC_APB1PeriphResetCmd) for RCC_APB1PeriphResetCmd
    stm32f10x_flash.o(i.FLASH_EnableWriteProtection) refers to stm32f10x_flash.o(i.FLASH_WaitForLastOperation) for FLASH_WaitForLastOperation
    stm32f10x_flash.o(i.FLASH_EraseAllBank1Pages) refers to stm32f10x_flash.o(i.FLASH_WaitForLastBank1Operation) for FLASH_WaitForLastBank1Operation
    stm32f10x_flash.o(i.FLASH_EraseAllPages) refers to stm32f10x_flash.o(i.FLASH_WaitForLastOperation) for FLASH_WaitForLastOperation
    stm32f10x_flash.o(i.FLASH_EraseOptionBytes) refers to stm32f10x_flash.o(i.FLASH_GetReadOutProtectionStatus) for FLASH_GetReadOutProtectionStatus
    stm32f10x_flash.o(i.FLASH_EraseOptionBytes) refers to stm32f10x_flash.o(i.FLASH_WaitForLastOperation) for FLASH_WaitForLastOperation
    stm32f10x_flash.o(i.FLASH_ErasePage) refers to stm32f10x_flash.o(i.FLASH_WaitForLastOperation) for FLASH_WaitForLastOperation
[...]
    .constdata                               0x08006024   Section       40  _printf_hex_int_ll_ptr.o(.constdata)
    uc_hextab                                0x08006024   Data          20  _printf_hex_int_ll_ptr.o(.constdata)
    lc_hextab                                0x08006038   Data          20  _printf_hex_int_ll_ptr.o(.constdata)
    .constdata                               0x0800604c   Section       17  __printf_flags_ss_wp.o(.constdata)
    maptable                                 0x0800604c   Data          17  __printf_flags_ss_wp.o(.constdata)
    .constdata                               0x08006060   Section        8  _printf_wctomb.o(.constdata)
    initial_mbstate                          0x08006060   Data           8  _printf_wctomb.o(.constdata)
    .constdata                               0x08006068   Section       38  _printf_fp_hex.o(.constdata)
    lc_hextab                                0x08006068   Data          19  _printf_fp_hex.o(.constdata)
    uc_hextab                                0x0800607b   Data          19  _printf_fp_hex.o(.constdata)
    .constdata                               0x08006090   Section      148  bigflt0.o(.constdata)
    tenpwrs_x                                0x08006090   Data          60  bigflt0.o(.constdata)
    tenpwrs_i                                0x080060cc   Data          64  bigflt0.o(.constdata)
    .conststring                             0x08006124   Section        9  main.o(.conststring)
    c$$dinf                                  0x08006150   Section        8  fpconst.o(c$$dinf)
    locale$$data                             0x08006158   Section      272  lc_ctype_c.o(locale$$data)
    __lcctype_c_name                         0x0800615c   Data           2  lc_ctype_c.o(locale$$data)
    __lcctype_c_start                        0x08006164   Data           0  lc_ctype_c.o(locale$$data)
    locale$$data                             0x08006268   Section       28  lc_numeric_c.o(locale$$data)
    __lcctype_c_end                          0x08006268   Data           0  lc_ctype_c.o(locale$$data)
    __lcnum_c_name                           0x0800626c   Data           2  lc_numeric_c.o(locale$$data)
    __lcnum_c_start                          0x08006274   Data           0  lc_numeric_c.o(locale$$data)
    __lcnum_c_point                          0x08006280   Data           0  lc_numeric_c.o(locale$$data)
    __lcnum_c_thousands                      0x08006282   Data           0  lc_numeric_c.o(locale$$data)
    __lcnum_c_grouping                       0x08006283   Data           0  lc_numeric_c.o(locale$$data)
    __lcnum_c_end                            0x08006284   Data           0  lc_numeric_c.o(locale$$data)
    .data                                    0x20000000   Section       20  system_stm32f10x.o(.data)
    .data                                    0x20000014   Section        4  systick.o(.data)
    mdelay_time                              0x20000014   Data           4  systick.o(.data)
    .data                                    0x20000018   Section       20  stm32f10x_rcc.o(.data)
    APBAHBPrescTable                         0x20000018   Data          16  stm32f10x_rcc.o(.data)
    ADCPrescTable                            0x20000028   Data           4  stm32f10x_rcc.o(.data)
    .data                                    0x2000002c   Section        4  esp8266.o(.data)
    .data                                    0x20000030   Section        2  onenet.o(.data)
    pkt_id                                   0x20000030   Data           2  onenet.o(.data)
    .data                                    0x20000032   Section        4  delay.o(.data)
    .data                                    0x20000036   Section        4  dht11.o(.data)
    .data                                    0x2000003c   Section       20  cjson.o(.data)
    global_error                             0x2000003c   Data           8  cjson.o(.data)
    global_hooks                             0x20000044   Data          12  cjson.o(.data)
    .bss                                     0x20000050   Section      128  esp8266.o(.bss)
    .bss                                     0x200000d0   Section       10  dht11.o(.bss)
    .bss                                     0x200000dc   Section       96  libspace.o(.bss)
    HEAP                                     0x20000140   Section      512  startup_stm32f10x_md.o(HEAP)
    Heap_Mem                                 0x20000140   Data         512  startup_stm32f10x_md.o(HEAP)
    STACK                                    0x20000340   Section     1024  startup_stm32f10x_md.o(STACK)
    Stack_Mem                                0x20000340   Data        1024  startup_stm32f10x_md.o(STACK)
    __initial_sp                             0x20000740   Data           0  startup_stm32f10x_md.o(STACK)

    Global Symbols

    Symbol Name                              Value     Ov Type        Size  Object(Section)

    BuildAttributes$$THM_ISAv4$P$D$K$B$S$PE$A:L22UL41UL21$X:L11$S22US41US21$IEEE1$IW$USESV6$~STKCKD$USESV7$~SHL$OTIME$ROPI$IEEEX$EBA8$UX$STANDARDLIB$REQ8$PRES8$EABIv2 0x00000000   Number         0  anon$$obj.o ABSOLUTE
    __ARM_use_no_argv                        0x00000000   Number         0  main.o ABSOLUTE
    _printf_flags                            0x00000000   Number         0  printf_stubs.o ABSOLUTE
    _printf_return_value                     0x00000000   Number         0  printf_stubs.o ABSOLUTE
    _printf_sizespec                         0x00000000   Number         0  printf_stubs.o ABSOLUTE
    _printf_widthprec                        0x00000000   Number         0  printf_stubs.o ABSOLUTE
    __ARM_exceptions_init                     - Undefined Weak Reference
    __alloca_initialize                       - Undefined Weak Reference
    __arm_preinit_                            - Undefined Weak Reference
    __cpp_initialize__aeabi_                  - Undefined Weak Reference
    __cxa_finalize                            - Undefined Weak Reference
    __sigvec_lookup                           - Undefined Weak Reference
    __user_heap_extent                        - Undefined Weak Reference
    _atexit_init                              - Undefined Weak Reference
    _call_atexit_fns                          - Undefined Weak Reference
    _clock_init                               - Undefined Weak Reference
    _fp_trap_init                             - Undefined Weak Reference
    _fp_trap_shutdown                         - Undefined Weak Reference
    _get_lc_collate                           - Undefined Weak Reference
    _get_lc_monetary                          - Undefined Weak Reference
    _get_lc_time                              - Undefined Weak Reference
    _getenv_init                              - Undefined Weak Reference
    _handle_redirection                       - Undefined Weak Reference
    _initio                                   - Undefined Weak Reference
    _mutex_acquire                            - Undefined Weak Reference
    _mutex_free                               - Undefined Weak Reference
    _mutex_release                            - Undefined Weak Reference
    _printf_mbtowc                            - Undefined Weak Reference
    _printf_wc                                - Undefined Weak Reference
    _rand_init                                - Undefined Weak Reference
    _scanf_int                                - Undefined Weak Reference
    _scanf_longlong                           - Undefined Weak Reference
    _scanf_mbtowc                             - Undefined Weak Reference
    _scanf_string                             - Undefined Weak Reference
    _scanf_wctomb                             - Undefined Weak Reference
    _scanf_wstring                            - Undefined Weak Reference
    _signal_finish                            - Undefined Weak Reference
    _signal_init                              - Undefined Weak Reference
    _terminateio                              - Undefined Weak Reference
    __Vectors_Size                           0x000000ec   Number         0  startup_stm32f10x_md.o ABSOLUTE
    __Vectors                                0x08000000   Data           4  startup_stm32f10x_md.o(RESET)
    __Vectors_End                            0x080000ec   Data           0  startup_stm32f10x_md.o(RESET)
    __main                                   0x080000ed   Thumb Code     8  __main.o(!!!main)
    __scatterload                            0x080000f5   Thumb Code     0  __scatter.o(!!!scatter)
    __scatterload_rt2                        0x080000f5   Thumb Code    44  __scatter.o(!!!scatter)
    __scatterload_rt2_thumb_only             0x080000f5   Thumb Code     0  __scatter.o(!!!scatter)
    __scatterload_null                       0x08000103   Thumb Code     0  __scatter.o(!!!scatter)
    __scatterload_copy                       0x08000129   Thumb Code    26  __scatter_copy.o(!!handler_copy)
    __scatterload_zeroinit                   0x08000145   Thumb Code    28  __scatter_zi.o(!!handler_zi)
    _printf_n                                0x08000161   Thumb Code     0  _printf_n.o(.ARM.Collect$$_printf_percent$$00000001)
    _printf_percent                          0x08000161   Thumb Code     0  _printf_percent.o(.ARM.Collect$$_printf_percent$$00000000)
    _printf_p                                0x08000167   Thumb Code     0  _printf_p.o(.ARM.Collect$$_printf_percent$$00000002)
    _printf_f                                0x0800016d   Thumb Code     0  _printf_f.o(.ARM.Collect$$_printf_percent$$00000003)
    _printf_e                                0x08000173   Thumb Code     0  _printf_e.o(.ARM.Collect$$_printf_percent$$00000004)
    _printf_g                                0x08000179   Thumb Code     0  _printf_g.o(.ARM.Collect$$_printf_percent$$00000005)
    _printf_a                                0x0800017f   Thumb Code     0  _printf_a.o(.ARM.Collect$$_printf_percent$$00000006)
    _printf_ll                               0x08000185   Thumb Code     0  _printf_ll.o(.ARM.Collect$$_printf_percent$$00000007)
    _printf_i                                0x0800018f   Thumb Code     0  _printf_i.o(.ARM.Collect$$_printf_percent$$00000008)
    _printf_d                                0x08000195   Thumb Code     0  _printf_d.o(.ARM.Collect$$_printf_percent$$00000009)
    _printf_u                                0x0800019b   Thumb Code     0  _printf_u.o(.ARM.Collect$$_printf_percent$$0000000A)
    _printf_o                                0x080001a1   Thumb Code     0  _printf_o.o(.ARM.Collect$$_printf_percent$$0000000B)
    _printf_x                                0x080001a7   Thumb Code     0  _printf_x.o(.ARM.Collect$$_printf_percent$$0000000C)
    _printf_lli                              0x080001ad   Thumb Code     0  _printf_lli.o(.ARM.Collect$$_printf_percent$$0000000D)
    _printf_lld                              0x080001b3   Thumb Code     0  _printf_lld.o(.ARM.Collect$$_printf_percent$$0000000E)
    _printf_llu                              0x080001b9   Thumb Code     0  _printf_llu.o(.ARM.Collect$$_printf_percent$$0000000F)
    _printf_llo                              0x080001bf   Thumb Code     0  _printf_llo.o(.ARM.Collect$$_printf_percent$$00000010)
    _printf_llx                              0x080001c5   Thumb Code     0  _printf_llx.o(.ARM.Collect$$_printf_percent$$00000011)
    _printf_l                                0x080001cb   Thumb Code     0  _printf_l.o(.ARM.Collect$$_printf_percent$$00000012)
    _printf_c                                0x080001d5   Thumb Code     0  _printf_c.o(.ARM.Collect$$_printf_percent$$00000013)
    _printf_s                                0x080001db   Thumb Code     0  _printf_s.o(.ARM.Collect$$_printf_percent$$00000014)
    _printf_lc                               0x080001e1   Thumb Code     0  _printf_lc.o(.ARM.Collect$$_printf_percent$$00000015)
    _printf_ls                               0x080001e7   Thumb Code     0  _printf_ls.o(.ARM.Collect$$_printf_percent$$00000016)
    _printf_percent_end                      0x080001ed   Thumb Code     0  _printf_percent_end.o(.ARM.Collect$$_printf_percent$$00000017)
    __rt_lib_init                            0x080001f1   Thumb Code     0  libinit.o(.ARM.Collect$$libinit$$00000000)
    __rt_lib_init_fp_1                       0x080001f3   Thumb Code     0  libinit2.o(.ARM.Collect$$libinit$$00000002)
    __rt_lib_init_heap_2                     0x080001f3   Thumb Code     0  libinit2.o(.ARM.Collect$$libinit$$00000005)
    __rt_lib_init_preinit_1                  0x080001f3   Thumb Code     0  libinit2.o(.ARM.Collect$$libinit$$00000004)
    __rt_lib_init_heap_1                     0x080001fb   Thumb Code     0  libinit2.o(.ARM.Collect$$libinit$$0000000A)
    __rt_lib_init_lc_common                  0x080001fb   Thumb Code     0  libinit2.o(.ARM.Collect$$libinit$$0000000F)
    __rt_lib_init_rand_1                     0x080001fb   Thumb Code     0  libinit2.o(.ARM.Collect$$libinit$$0000000E)
    __rt_lib_init_user_alloc_1               0x080001fb   Thumb Code     0  libinit2.o(.ARM.Collect$$libinit$$0000000C)
    __rt_lib_init_lc_collate_1               0x08000201   Thumb Code     0  libinit2.o(.ARM.Collect$$libinit$$00000011)
    __rt_lib_init_lc_ctype_2                 0x08000201   Thumb Code     0  libinit2.o(.ARM.Collect$$libinit$$00000012)
    __rt_lib_init_lc_ctype_1                 0x0800020d   Thumb Code     0  libinit2.o(.ARM.Collect$$libinit$$00000013)
    __rt_lib_init_lc_monetary_1              0x0800020d   Thumb Code     0  libinit2.o(.ARM.Collect$$libinit$$00000015)
    __rt_lib_init_lc_numeric_2               0x0800020d   Thumb Code     0  libinit2.o(.ARM.Collect$$libinit$$00000016)
    __rt_lib_init_alloca_1                   0x08000217   Thumb Code     0  libinit2.o(.ARM.Collect$$libinit$$0000002E)
    __rt_lib_init_argv_1                     0x08000217   Thumb Code     0  libinit2.o(.ARM.Collect$$libinit$$0000002C)
    __rt_lib_init_atexit_1                   0x08000217   Thumb Code     0  libinit2.o(.ARM.Collect$$libinit$$0000001B)
    __rt_lib_init_clock_1                    0x08000217   Thumb Code     0  libinit2.o(.ARM.Collect$$libinit$$00000021)
    __rt_lib_init_cpp_1                      0x08000217   Thumb Code     0  libinit2.o(.ARM.Collect$$libinit$$00000032)
    __rt_lib_init_exceptions_1               0x08000217   Thumb Code     0  libinit2.o(.ARM.Collect$$libinit$$00000030)
    __rt_lib_init_fp_trap_1                  0x08000217   Thumb Code     0  libinit2.o(.ARM.Collect$$libinit$$0000001F)
    __rt_lib_init_getenv_1                   0x08000217   Thumb Code     0  libinit2.o(.ARM.Collect$$libinit$$00000023)
    __rt_lib_init_lc_numeric_1               0x08000217   Thumb Code     0  libinit2.o(.ARM.Collect$$libinit$$00000017)
    __rt_lib_init_lc_time_1                  0x08000217   Thumb Code     0  libinit2.o(.ARM.Collect$$libinit$$00000019)
    __rt_lib_init_return                     0x08000217   Thumb Code     0  libinit2.o(.ARM.Collect$$libinit$$00000033)
    __rt_lib_init_signal_1                   0x08000217   Thumb Code     0  libinit2.o(.ARM.Collect$$libinit$$0000001D)
    __rt_lib_init_stdio_1                    0x08000217   Thumb Code     0  libinit2.o(.ARM.Collect$$libinit$$00000025)
    __rt_lib_shutdown                        0x08000219   Thumb Code     0  libshutdown.o(.ARM.Collect$$libshutdown$$00000000)
    __rt_lib_shutdown_fp_trap_1              0x0800021b   Thumb Code     0  libshutdown2.o(.ARM.Collect$$libshutdown$$00000006)
    __rt_lib_shutdown_heap_1                 0x0800021b   Thumb Code     0  libshutdown2.o(.ARM.Collect$$libshutdown$$0000000E)
    __rt_lib_shutdown_return                 0x0800021b   Thumb Code     0  libshutdown2.o(.ARM.Collect$$libshutdown$$0000000F)
    __rt_lib_shutdown_signal_1               0x0800021b   Thumb Code     0  libshutdown2.o(.ARM.Collect$$libshutdown$$00000009)
    __rt_lib_shutdown_stdio_1                0x0800021b   Thumb Code     0  libshutdown2.o(.ARM.Collect$$libshutdown$$00000003)
    __rt_lib_shutdown_user_alloc_1           0x0800021b   Thumb Code     0  libshutdown2.o(.ARM.Collect$$libshutdown$$0000000B)
    __rt_entry                               0x0800021d   Thumb Code     0  __rtentry.o(.ARM.Collect$$rtentry$$00000000)
    __rt_entry_presh_1                       0x0800021d   Thumb Code     0  __rtentry2.o(.ARM.Collect$$rtentry$$00000002)
    __rt_entry_sh                            0x0800021d   Thumb Code     0  __rtentry4.o(.ARM.Collect$$rtentry$$00000004)
    __rt_entry_li                            0x08000223   Thumb Code     0  __rtentry2.o(.ARM.Collect$$rtentry$$0000000A)
    __rt_entry_postsh_1                      0x08000223   Thumb Code     0  __rtentry2.o(.ARM.Collect$$rtentry$$00000009)
    __rt_entry_main                          0x08000227   Thumb Code     0  __rtentry2.o(.ARM.Collect$$rtentry$$0000000D)
    __rt_entry_postli_1                      0x08000227   Thumb Code     0  __rtentry2.o(.ARM.Collect$$rtentry$$0000000C)
    __rt_exit                                0x0800022f   Thumb Code     0  rtexit.o(.ARM.Collect$$rtexit$$00000000)
    __rt_exit_ls                             0x08000231   Thumb Code     0  rtexit2.o(.ARM.Collect$$rtexit$$00000003)
    __rt_exit_prels_1                        0x08000231   Thumb Code     0  rtexit2.o(.ARM.Collect$$rtexit$$00000002)
    __rt_exit_exit                           0x08000235   Thumb Code     0  rtexit2.o(.ARM.Collect$$rtexit$$00000004)
    Reset_Handler                            0x0800023d   Thumb Code     8  startup_stm32f10x_md.o(.text)
    _maybe_terminate_alloc                   0x0800023d   Thumb Code     0  maybetermalloc1.o(.emb_text)
    ADC1_2_IRQHandler                        0x08000257   Thumb Code     0  startup_stm32f10x_md.o(.text)
    CAN1_RX1_IRQHandler                      0x08000257   Thumb Code     0  startup_stm32f10x_md.o(.text)
    CAN1_SCE_IRQHandler                      0x08000257   Thumb Code     0  startup_stm32f10x_md.o(.text)
    DMA1_Channel1_IRQHandler                 0x08000257   Thumb Code     0  startup_stm32f10x_md.o(.text)
    DMA1_Channel2_IRQHandler                 0x08000257   Thumb Code     0  startup_stm32f10x_md.o(.text)
    DMA1_Channel3_IRQHandler                 0x08000257   Thumb Code     0  startup_stm32f10x_md.o(.text)
    DMA1_Channel4_IRQHandler                 0x08000257   Thumb Code     0  startup_stm32f10x_md.o(.text)
    DMA1_Channel5_IRQHandler                 0x08000257   Thumb Code     0  startup_stm32f10x_md.o(.text)
    DMA1_Channel6_IRQHandler                 0x08000257   Thumb Code     0  startup_stm32f10x_md.o(.text)
    DMA1_Channel7_IRQHandler                 0x08000257   Thumb Code     0  startup_stm32f10x_md.o(.text)
    EXTI0_IRQHandler                         0x08000257   Thumb Code     0  startup_stm32f10x_md.o(.text)
    EXTI15_10_IRQHandler                     0x08000257   Thumb Code     0  startup_stm32f10x_md.o(.text)
    EXTI1_IRQHandler                         0x08000257   Thumb Code     0  startup_stm32f10x_md.o(.text)
    EXTI2_IRQHandler                         0x08000257   Thumb Code     0  startup_stm32f10x_md.o(.text)
    EXTI3_IRQHandler                         0x08000257   Thumb Code     0  startup_stm32f10x_md.o(.text)
    EXTI4_IRQHandler                         0x08000257   Thumb Code     0  startup_stm32f10x_md.o(.text)
    EXTI9_5_IRQHandler                       0x08000257   Thumb Code     0  startup_stm32f10x_md.o(.text)
    FLASH_IRQHandler                         0x08000257   Thumb Code     0  startup_stm32f10x_md.o(.text)
    I2C1_ER_IRQHandler                       0x08000257   Thumb Code     0  startup_stm32f10x_md.o(.text)
    I2C1_EV_IRQHandler                       0x08000257   Thumb Code     0  startup_stm32f10x_md.o(.text)
    I2C2_ER_IRQHandler                       0x08000257   Thumb Code     0  startup_stm32f10x_md.o(.text)
    I2C2_EV_IRQHandler                       0x08000257   Thumb Code     0  startup_stm32f10x_md.o(.text)
    PVD_IRQHandler                           0x08000257   Thumb Code     0  startup_stm32f10x_md.o(.text)
    RCC_IRQHandler                           0x08000257   Thumb Code     0  startup_stm32f10x_md.o(.text)
    RTCAlarm_IRQHandler                      0x08000257   Thumb Code     0  startup_stm32f10x_md.o(.text)
    RTC_IRQHandler                           0x08000257   Thumb Code     0  startup_stm32f10x_md.o(.text)
    SPI1_IRQHandler                          0x08000257   Thumb Code     0  startup_stm32f10x_md.o(.text)
    SPI2_IRQHandler                          0x08000257   Thumb Code     0  startup_stm32f10x_md.o(.text)
    TAMPER_IRQHandler                        0x08000257   Thumb Code     0  startup_stm32f10x_md.o(.text)
    TIM1_BRK_IRQHandler                      0x08000257   Thumb Code     0  startup_stm32f10x_md.o(.text)
    TIM1_CC_IRQHandler                       0x08000257   Thumb Code     0  startup_stm32f10x_md.o(.text)
    TIM1_TRG_COM_IRQHandler                  0x08000257   Thumb Code     0  startup_stm32f10x_md.o(.text)
    TIM1_UP_IRQHandler                       0x08000257   Thumb Code     0  startup_stm32f10x_md.o(.text)
    TIM2_IRQHandler                          0x08000257   Thumb Code     0  startup_stm32f10x_md.o(.text)
    TIM4_IRQHandler                          0x08000257   Thumb Code     0  startup_stm32f10x_md.o(.text)
    USART3_IRQHandler                        0x08000257   Thumb Code     0  startup_stm32f10x_md.o(.text)
    USBWakeUp_IRQHandler                     0x08000257   Thumb Code     0  startup_stm32f10x_md.o(.text)
    USB_HP_CAN1_TX_IRQHandler                0x08000257   Thumb Code     0  startup_stm32f10x_md.o(.text)
    USB_LP_CAN1_RX0_IRQHandler               0x08000257   Thumb Code     0  startup_stm32f10x_md.o(.text)
    WWDG_IRQHandler                          0x08000257   Thumb Code     0  startup_stm32f10x_md.o(.text)
    __user_initial_stackheap                 0x08000259   Thumb Code     0  startup_stm32f10x_md.o(.text)
    malloc                                   0x0800027d   Thumb Code    94  h1_alloc.o(.text)
    free                                     0x080002db   Thumb Code    78  h1_free.o(.text)
    realloc                                  0x08000329   Thumb Code   184  h1_realloc.o(.text)
    tolower                                  0x080003e1   Thumb Code    26  tolower.o(.text)
    vsnprintf                                0x080003fd   Thumb Code    48  vsnprintf.o(.text)
    __2sprintf                               0x08000431   Thumb Code    38  __2sprintf.o(.text)
    _printf_pre_padding                      0x0800045d   Thumb Code    44  _printf_pad.o(.text)
    _printf_post_padding                     0x08000489   Thumb Code    34  _printf_pad.o(.text)
    _printf_str                              0x080004ab   Thumb Code    82  _printf_str.o(.text)
    _printf_int_dec                          0x080004fd   Thumb Code   104  _printf_dec.o(.text)
    _printf_longlong_hex                     0x08000575   Thumb Code    86  _printf_hex_int_ll_ptr.o(.text)
    _printf_int_hex                          0x080005cb   Thumb Code    28  _printf_hex_int_ll_ptr.o(.text)
    _printf_ll_hex                           0x080005e7   Thumb Code    12  _printf_hex_int_ll_ptr.o(.text)
    _printf_hex_ptr                          0x080005f3   Thumb Code    18  _printf_hex_int_ll_ptr.o(.text)
    __printf                                 0x08000609   Thumb Code   388  __printf_flags_ss_wp.o(.text)
    atoi                                     0x08000791   Thumb Code    26  atoi.o(.text)
    strchr                                   0x080007ab   Thumb Code    20  strchr.o(.text)
    strncat                                  0x080007bf   Thumb Code    36  strncat.o(.text)
    strstr                                   0x080007e3   Thumb Code    36  strstr.o(.text)
    strlen                                   0x08000807   Thumb Code    62  strlen.o(.text)
    strncmp                                  0x08000845   Thumb Code   150  strncmp.o(.text)
    __aeabi_memcpy                           0x080008db   Thumb Code     0  rt_memcpy_v6.o(.text)
    __rt_memcpy                              0x080008db   Thumb Code   138  rt_memcpy_v6.o(.text)
    _memcpy_lastbytes                        0x08000941   Thumb Code     0  rt_memcpy_v6.o(.text)
    __aeabi_memcpy4                          0x08000965   Thumb Code     0  rt_memcpy_w.o(.text)
    __aeabi_memcpy8                          0x08000965   Thumb Code     0  rt_memcpy_w.o(.text)
    __rt_memcpy_w                            0x08000965   Thumb Code   100  rt_memcpy_w.o(.text)
    _memcpy_lastbytes_aligned                0x080009ad   Thumb Code     0  rt_memcpy_w.o(.text)
    __aeabi_memclr                           0x080009c9   Thumb Code     0  rt_memclr.o(.text)
    __rt_memclr                              0x080009c9   Thumb Code    68  rt_memclr.o(.text)
    _memset                                  0x080009cd   Thumb Code     0  rt_memclr.o(.text)
    __aeabi_memclr4                          0x08000a0d   Thumb Code     0  rt_memclr_w.o(.text)
    __aeabi_memclr8                          0x08000a0d   Thumb Code     0  rt_memclr_w.o(.text)
    __rt_memclr_w                            0x08000a0d   Thumb Code    78  rt_memclr_w.o(.text)
    _memset_w                                0x08000a11   Thumb Code     0  rt_memclr_w.o(.text)
    strcmp                                   0x08000a5d   Thumb Code   128  strcmpv7m.o(.text)
    __use_two_region_memory                  0x08000add   Thumb Code     2  heapauxi.o(.text)
    __rt_heap_escrow                         0x08000adf   Thumb Code     2  heapauxi.o(.text)
    __rt_heap_expand                         0x08000ae1   Thumb Code     2  heapauxi.o(.text)
    __rt_ctype_table                         0x08000ae5   Thumb Code    16  rt_ctype_table.o(.text)
    __rt_heap_descriptor                     0x08000af5   Thumb Code     8  rt_heap_descriptor_intlibspace.o(.text)
    __aeabi_errno_addr                       0x08000afd   Thumb Code     8  rt_errno_addr_intlibspace.o(.text)
    __errno$intlibspace                      0x08000afd   Thumb Code     0  rt_errno_addr_intlibspace.o(.text)
    __rt_errno_addr$intlibspace              0x08000afd   Thumb Code     0  rt_errno_addr_intlibspace.o(.text)
    __use_no_heap                            0x08000b05   Thumb Code     2  hguard.o(.text)
    __heap$guard                             0x08000b07   Thumb Code     2  hguard.o(.text)
    _terminate_user_alloc                    0x08000b09   Thumb Code     2  init_alloc.o(.text)
    _init_user_alloc                         0x08000b0b   Thumb Code     2  init_alloc.o(.text)
    __Heap_Full                              0x08000b0d   Thumb Code    34  init_alloc.o(.text)
    __Heap_Broken                            0x08000b2f   Thumb Code     6  init_alloc.o(.text)
    _init_alloc                              0x08000b35   Thumb Code    94  init_alloc.o(.text)
    __Heap_Initialize                        0x08000b93   Thumb Code    10  h1_init.o(.text)
    __Heap_DescSize                          0x08000b9d   Thumb Code     4  h1_init.o(.text)
    _printf_truncate_signed                  0x08000ba1   Thumb Code    18  _printf_truncate.o(.text)
    _printf_truncate_unsigned                0x08000bb3   Thumb Code    18  _printf_truncate.o(.text)
    _printf_int_common                       0x08000bc5   Thumb Code   178  _printf_intcommon.o(.text)
    _printf_charcount                        0x08000c77   Thumb Code    40  _printf_charcount.o(.text)
    __lib_sel_fp_printf                      0x08000c9f   Thumb Code     2  _printf_fp_dec.o(.text)
    _printf_fp_dec_real                      0x08000e4d   Thumb Code   620  _printf_fp_dec.o(.text)
    _printf_char_common                      0x080010c3   Thumb Code    32  _printf_char_common.o(.text)
    _sputc                                   0x080010e9   Thumb Code    10  _sputc.o(.text)
    _snputc                                  0x080010f3   Thumb Code    16  _snputc.o(.text)
    _printf_cs_common                        0x08001103   Thumb Code    20  _printf_char.o(.text)
    _printf_char                             0x08001117   Thumb Code    16  _printf_char.o(.text)
    _printf_string                           0x08001127   Thumb Code     8  _printf_char.o(.text)
    _printf_wctomb                           0x08001131   Thumb Code   182  _printf_wctomb.o(.text)
    _printf_longlong_dec                     0x080011ed   Thumb Code   108  _printf_longlong_dec.o(.text)
    _printf_longlong_oct                     0x08001269   Thumb Code    68  _printf_oct_int_ll.o(.text)
    _printf_int_oct                          0x080012ad   Thumb Code    24  _printf_oct_int_ll.o(.text)
    _printf_ll_oct                           0x080012c5   Thumb Code    12  _printf_oct_int_ll.o(.text)
    _scanf_really_real                       0x080014d5   Thumb Code   668  scanf_fp.o(.text)
    _sgetc                                   0x0800177d   Thumb Code    30  _sgetc.o(.text)
    _sbackspace                              0x0800179b   Thumb Code    34  _sgetc.o(.text)
    __strtod_int                             0x080017f9   Thumb Code    88  strtod.o(.text)
    strtol                                   0x0800185d   Thumb Code   112  strtol.o(.text)
    __user_libspace                          0x080018cd   Thumb Code     8  libspace.o(.text)
    __user_perproc_libspace                  0x080018cd   Thumb Code     0  libspace.o(.text)
    __user_perthread_libspace                0x080018cd   Thumb Code     0  libspace.o(.text)
    __rt_locale                              0x080018d5   Thumb Code     8  rt_locale_intlibspace.o(.text)
    __Heap_ProvideMemory                     0x080018dd   Thumb Code    52  h1_extend.o(.text)
    _ll_udiv10                               0x08001911   Thumb Code   138  lludiv10.o(.text)
    isspace                                  0x0800199b   Thumb Code    18  isspace.o(.text)
    _printf_fp_hex_real                      0x080019ad   Thumb Code   754  _printf_fp_hex.o(.text)
    _printf_fp_infnan                        0x08001ca9   Thumb Code   112  _printf_fp_infnan.o(.text)
    _printf_lcs_common                       0x08001d29   Thumb Code    20  _printf_wchar.o(.text)
    _printf_wchar                            0x08001d3d   Thumb Code    16  _printf_wchar.o(.text)
    _printf_wstring                          0x08001d4d   Thumb Code     8  _printf_wchar.o(.text)
    _strtoul                                 0x08001d55   Thumb Code   158  _strtoul.o(.text)
    _btod_etento                             0x08001df5   Thumb Code   216  bigflt0.o(.text)
    _wcrtomb                                 0x08001ed1   Thumb Code    64  _wcrtomb.o(.text)
    __rt_SIGRTMEM                            0x08001f11   Thumb Code    14  defsig_rtmem_outer.o(.text)
    __I$use$semihosting                      0x08001f1f   Thumb Code     0  use_no_semi.o(.text)
    __use_no_semihosting_swi                 0x08001f1f   Thumb Code     2  use_no_semi.o(.text)
    __semihosting_library_function           0x08001f21   Thumb Code     0  indicate_semi.o(.text)
    __user_setup_stackheap                   0x08001f21   Thumb Code    74  sys_stackheap_outer.o(.text)
    __read_errno                             0x08001f6b   Thumb Code    10  _rserrno.o(.text)
    __set_errno                              0x08001f75   Thumb Code    12  _rserrno.o(.text)
    _chval                                   0x08001f81   Thumb Code    28  _chval.o(.text)
    _scanf_really_hex_real                   0x08001f9d   Thumb Code   778  scanf_hexfp.o(.text)
    _scanf_really_infnan                     0x080022b5   Thumb Code   292  scanf_infnan.o(.text)
    exit                                     0x080023e9   Thumb Code    12  exit.o(.text)
    __sig_exit                               0x080023f5   Thumb Code    10  defsig_exit.o(.text)
    __rt_SIGRTMEM_inner                      0x08002401   Thumb Code    22  defsig_rtmem_inner.o(.text)
    _sys_exit                                0x08002451   Thumb Code     8  sys_exit.o(.text)
    __aeabi_llsl                             0x0800245d   Thumb Code     0  llshl.o(.text)
    _ll_shift_l                              0x0800245d   Thumb Code    38  llshl.o(.text)
    __default_signal_display                 0x08002483   Thumb Code    50  defsig_general.o(.text)
    _ttywrch                                 0x080024b5   Thumb Code    14  sys_wrch.o(.text)
    _btod_d2e                                0x080024c3   Thumb Code    62  btod.o(CL$$btod_d2e)
    _d2e_denorm_low                          0x08002501   Thumb Code    70  btod.o(CL$$btod_d2e_denorm_low)
    _d2e_norm_op1                            0x08002547   Thumb Code    96  btod.o(CL$$btod_d2e_norm_op1)
    __btod_div_common                        0x080025a7   Thumb Code   696  btod.o(CL$$btod_div_common)
    _e2d                                     0x080028e1   Thumb Code    80  btod.o(CL$$btod_e2d)
    _e2e                                     0x08002935   Thumb Code   198  btod.o(CL$$btod_e2e)
    _btod_ediv                               0x080029fb   Thumb Code    40  btod.o(CL$$btod_ediv)
    _btod_edivd                              0x08002a23   Thumb Code    40  btod.o(CL$$btod_edivd)
    _btod_emul                               0x08002a4b   Thumb Code    40  btod.o(CL$$btod_emul)
    _btod_emuld                              0x08002a73   Thumb Code    40  btod.o(CL$$btod_emuld)
    __btod_mult_common                       0x08002a9b   Thumb Code   580  btod.o(CL$$btod_mult_common)
    BusFault_Handler                         0x08002cdf   Thumb Code     4  stm32f10x_it.o(i.BusFault_Handler)
    DHT11_Check                              0x08002ce5   Thumb Code    82  dht11.o(i.DHT11_Check)
    DHT11_Read_Bit                           0x08002d3d   Thumb Code    62  dht11.o(i.DHT11_Read_Bit)
    DHT11_Read_Byte                          0x08002d81   Thumb Code    34  dht11.o(i.DHT11_Read_Byte)
    DHT11_Read_Data1                         0x08002da3   Thumb Code    40  dht11.o(i.DHT11_Read_Data1)
    DHT11_Start                              0x08002dcd   Thumb Code    74  dht11.o(i.DHT11_Start)
    DebugMon_Handler                         0x08002e21   Thumb Code     2  stm32f10x_it.o(i.DebugMon_Handler)
    DelayXms                                 0x08002e25   Thumb Code    66  delay.o(i.DelayXms)
    Delay_Init                               0x08002e6d   Thumb Code    48  delay.o(i.Delay_Init)
    Delay_us                                 0x08002ea5   Thumb Code    48  dht11.o(i.Delay_us)
    ESP8266_Clear                            0x08002ed5   Thumb Code    18  esp8266.o(i.ESP8266_Clear)
    ESP8266_GetIPD                           0x08002ef1   Thumb Code    68  esp8266.o(i.ESP8266_GetIPD)
    ESP8266_Init                             0x08002f41   Thumb Code   236  esp8266.o(i.ESP8266_Init)
    ESP8266_SendCmd                          0x08003111   Thumb Code    76  esp8266.o(i.ESP8266_SendCmd)
    ESP8266_SendData                         0x08003165   Thumb Code    46  esp8266.o(i.ESP8266_SendData)
    ESP8266_WaitRecive                       0x080031ad   Thumb Code    42  esp8266.o(i.ESP8266_WaitRecive)
    GPIO_Init                                0x080031e1   Thumb Code   278  stm32f10x_gpio.o(i.GPIO_Init)
    GPIO_PinRemapConfig                      0x080032f9   Thumb Code   138  stm32f10x_gpio.o(i.GPIO_PinRemapConfig)
    GPIO_ReadInputDataBit                    0x08003389   Thumb Code    18  stm32f10x_gpio.o(i.GPIO_ReadInputDataBit)
    GPIO_ResetBits                           0x0800339b   Thumb Code     4  stm32f10x_gpio.o(i.GPIO_ResetBits)
    GPIO_SetBits                             0x0800339f   Thumb Code     4  stm32f10x_gpio.o(i.GPIO_SetBits)
    GPIO_WriteBit                            0x080033a3   Thumb Code    10  stm32f10x_gpio.o(i.GPIO_WriteBit)
    HardFault_Handler                        0x080033ad   Thumb Code     4  stm32f10x_it.o(i.HardFault_Handler)
    Init_Beep                                0x080033b1   Thumb Code    46  beep.o(i.Init_Beep)
    Init_LED                                 0x080033e5   Thumb Code    46  led.o(i.Init_LED)
    MQTT_DeleteBuffer                        0x08003419   Thumb Code    28  mqttkit.o(i.MQTT_DeleteBuffer)
    MQTT_DumpLength                          0x08003435   Thumb Code    46  mqttkit.o(i.MQTT_DumpLength)
    MQTT_NewBuffer                           0x08003463   Thumb Code    88  mqttkit.o(i.MQTT_NewBuffer)
    MQTT_PacketConnect                       0x080034bd   Thumb Code   666  mqttkit.o(i.MQTT_PacketConnect)
    MQTT_PacketPublish                       0x0800375d   Thumb Code   440  mqttkit.o(i.MQTT_PacketPublish)
    MQTT_PacketPublishAck                    0x08003915   Thumb Code    72  mqttkit.o(i.MQTT_PacketPublishAck)
    MQTT_PacketPublishComp                   0x0800395d   Thumb Code    72  mqttkit.o(i.MQTT_PacketPublishComp)
    MQTT_PacketPublishRec                    0x080039a5   Thumb Code    72  mqttkit.o(i.MQTT_PacketPublishRec)
    MQTT_PacketPublishRel                    0x080039ed   Thumb Code    72  mqttkit.o(i.MQTT_PacketPublishRel)
    MQTT_PacketSubscribe                     0x08003a35   Thumb Code   254  mqttkit.o(i.MQTT_PacketSubscribe)
    MQTT_ReadLength                          0x08003b33   Thumb Code    70  mqttkit.o(i.MQTT_ReadLength)
    MQTT_UnPacketCmd                         0x08003b79   Thumb Code   140  mqttkit.o(i.MQTT_UnPacketCmd)
    MQTT_UnPacketConnectAck                  0x08003c05   Thumb Code    30  mqttkit.o(i.MQTT_UnPacketConnectAck)
    MQTT_UnPacketPublish                     0x08003c25   Thumb Code   438  mqttkit.o(i.MQTT_UnPacketPublish)
    MQTT_UnPacketPublishAck                  0x08003de5   Thumb Code    30  mqttkit.o(i.MQTT_UnPacketPublishAck)
    MQTT_UnPacketPublishComp                 0x08003e03   Thumb Code    30  mqttkit.o(i.MQTT_UnPacketPublishComp)
    MQTT_UnPacketPublishRec                  0x08003e21   Thumb Code    30  mqttkit.o(i.MQTT_UnPacketPublishRec)
    MQTT_UnPacketPublishRel                  0x08003e3f   Thumb Code    36  mqttkit.o(i.MQTT_UnPacketPublishRel)
    MQTT_UnPacketRecv                        0x08003e65   Thumb Code   106  mqttkit.o(i.MQTT_UnPacketRecv)
    MQTT_UnPacketSubscribe                   0x08003ed9   Thumb Code    52  mqttkit.o(i.MQTT_UnPacketSubscribe)
    MQTT_UnPacketUnSubscribe                 0x08003f0d   Thumb Code    18  mqttkit.o(i.MQTT_UnPacketUnSubscribe)
    MemManage_Handler                        0x08003f1f   Thumb Code     4  stm32f10x_it.o(i.MemManage_Handler)
    NMI_Handler                              0x08003f23   Thumb Code     2  stm32f10x_it.o(i.NMI_Handler)
    NVIC_Init                                0x08003f25   Thumb Code   100  misc.o(i.NVIC_Init)
    OneNet_DevLink                           0x08003f95   Thumb Code   212  onenet.o(i.OneNet_DevLink)
    OneNet_Publish                           0x080041b9   Thumb Code    88  onenet.o(i.OneNet_Publish)
    OneNet_RevPro                            0x08004235   Thumb Code   622  onenet.o(i.OneNet_RevPro)
    OneNet_Subscribe                         0x08004661   Thumb Code    80  onenet.o(i.OneNet_Subscribe)
    PendSV_Handler                           0x080046cd   Thumb Code     2  stm32f10x_it.o(i.PendSV_Handler)
    RCC_APB1PeriphClockCmd                   0x080046d1   Thumb Code    26  stm32f10x_rcc.o(i.RCC_APB1PeriphClockCmd)
    RCC_APB2PeriphClockCmd                   0x080046f1   Thumb Code    26  stm32f10x_rcc.o(i.RCC_APB2PeriphClockCmd)
    RCC_GetClocksFreq                        0x08004711   Thumb Code   192  stm32f10x_rcc.o(i.RCC_GetClocksFreq)
    SVC_Handler                              0x080047e5   Thumb Code     2  stm32f10x_it.o(i.SVC_Handler)
    SysTick_Handler                          0x080048d1   Thumb Code    20  systick.o(i.SysTick_Handler)
    SystemInit                               0x080048e9   Thumb Code    78  system_stm32f10x.o(i.SystemInit)
    TIM2_Init                                0x08004949   Thumb Code    50  dht11.o(i.TIM2_Init)
    TIM3_IRQHandler                          0x08004989   Thumb Code     6  stm32f10x_it.o(i.TIM3_IRQHandler)
    TIM_Cmd                                  0x08004995   Thumb Code    24  stm32f10x_tim.o(i.TIM_Cmd)
    TIM_GetCounter                           0x080049ad   Thumb Code     6  stm32f10x_tim.o(i.TIM_GetCounter)
    TIM_SetCounter                           0x080049b3   Thumb Code     4  stm32f10x_tim.o(i.TIM_SetCounter)
    TIM_TimeBaseInit                         0x080049b9   Thumb Code   122  stm32f10x_tim.o(i.TIM_TimeBaseInit)
    USART1_IRQHandler                        0x08004a5d   Thumb Code    24  usart.o(i.USART1_IRQHandler)
    USART2_IRQHandler                        0x08004a79   Thumb Code    62  esp8266.o(i.USART2_IRQHandler)
    USART_ClearFlag                          0x08004ac5   Thumb Code    18  stm32f10x_usart.o(i.USART_ClearFlag)
    USART_Cmd                                0x08004ad7   Thumb Code    24  stm32f10x_usart.o(i.USART_Cmd)
    USART_GetFlagStatus                      0x08004aef   Thumb Code    26  stm32f10x_usart.o(i.USART_GetFlagStatus)
    USART_GetITStatus                        0x08004b09   Thumb Code    84  stm32f10x_usart.o(i.USART_GetITStatus)
    USART_ITConfig                           0x08004b5d   Thumb Code    74  stm32f10x_usart.o(i.USART_ITConfig)
    USART_Init                               0x08004ba9   Thumb Code   210  stm32f10x_usart.o(i.USART_Init)
    USART_SendData                           0x08004c81   Thumb Code     8  stm32f10x_usart.o(i.USART_SendData)
    UsageFault_Handler                       0x08004c89   Thumb Code     4  stm32f10x_it.o(i.UsageFault_Handler)
    Usart1_Init                              0x08004c8d   Thumb Code   166  usart.o(i.Usart1_Init)
    Usart2_Init                              0x08004d3d   Thumb Code   162  usart.o(i.Usart2_Init)
    UsartPrintf                              0x08004de9   Thumb Code    72  usart.o(i.UsartPrintf)
    Usart_SendString                         0x08004e31   Thumb Code    50  usart.o(i.Usart_SendString)
    __ARM_fpclassify                         0x08004e63   Thumb Code    40  fpclassify.o(i.__ARM_fpclassify)
    __mathlib_dbl_overflow                   0x08004e8b   Thumb Code    14  dunder.o(i.__mathlib_dbl_overflow)
    __mathlib_dbl_underflow                  0x08004e99   Thumb Code    10  dunder.o(i.__mathlib_dbl_underflow)
    __mathlib_narrow                         0x08004ea9   Thumb Code    16  narrow.o(i.__mathlib_narrow)
    __mathlib_tofloat                        0x08004eb9   Thumb Code   132  narrow.o(i.__mathlib_tofloat)
    __support_ldexp                          0x08004f41   Thumb Code    22  ldexp.o(i.__support_ldexp)
    _is_digit                                0x08004f57   Thumb Code    14  __printf_wp.o(i._is_digit)
    cJSON_Delete                             0x08004fad   Thumb Code    84  cjson.o(i.cJSON_Delete)
    cJSON_GetObjectItem                      0x08005005   Thumb Code    18  cjson.o(i.cJSON_GetObjectItem)
    cJSON_Parse                              0x08005031   Thumb Code    16  cjson.o(i.cJSON_Parse)
    cJSON_ParseWithLengthOpts                0x08005041   Thumb Code   204  cjson.o(i.cJSON_ParseWithLengthOpts)
    cJSON_ParseWithOpts                      0x08005115   Thumb Code    40  cjson.o(i.cJSON_ParseWithOpts)
    frexp                                    0x08005185   Thumb Code    80  frexp.o(i.frexp)
    ldexp                                    0x08005233   Thumb Code   116  ldexp.o(i.ldexp)
    main                                     0x080052a9   Thumb Code   208  main.o(i.main)
    strtod                                   0x08005a8d   Thumb Code    28  strtod.o(i.strtod)
    _get_lc_ctype                            0x08005bd5   Thumb Code    44  lc_ctype_c.o(locale$$code)
    _get_lc_numeric                          0x08005c01   Thumb Code    44  lc_numeric_c.o(locale$$code)
    __aeabi_d2f                              0x08005c2d   Thumb Code     0  d2f.o(x$fpl$d2f)
    _d2f                                     0x08005c2d   Thumb Code    98  d2f.o(x$fpl$d2f)
    __fpl_dcheck_NaN1                        0x08005c91   Thumb Code    10  dcheck1.o(x$fpl$dcheck1)
    __fpl_dcmp_Inf                           0x08005ca1   Thumb Code    24  dcmpi.o(x$fpl$dcmpinf)
    __aeabi_cdcmpeq                          0x08005cb9   Thumb Code     0  deqf.o(x$fpl$deqf)
    _dcmpeq                                  0x08005cb9   Thumb Code   120  deqf.o(x$fpl$deqf)
    __aeabi_d2iz                             0x08005d31   Thumb Code     0  dfix.o(x$fpl$dfix)
    _dfix                                    0x08005d31   Thumb Code    94  dfix.o(x$fpl$dfix)
    __aeabi_cdcmple                          0x08005d91   Thumb Code     0  dleqf.o(x$fpl$dleqf)
    _dcmple                                  0x08005d91   Thumb Code   120  dleqf.o(x$fpl$dleqf)
    __fpl_dcmple_InfNaN                      0x08005df3   Thumb Code     0  dleqf.o(x$fpl$dleqf)
    __fpl_dnaninf                            0x08005e09   Thumb Code   156  dnaninf.o(x$fpl$dnaninf)
    __aeabi_cdrcmple                         0x08005ea5   Thumb Code     0  drleqf.o(x$fpl$drleqf)
    _drcmple                                 0x08005ea5   Thumb Code   108  drleqf.o(x$fpl$drleqf)
    __fpl_fretinf                            0x08005f11   Thumb Code    10  fretinf.o(x$fpl$fretinf)
    _printf_fp_dec                           0x08005f1b   Thumb Code     4  printf1.o(x$fpl$printf1)
    _printf_fp_hex                           0x08005f1f   Thumb Code     4  printf2.o(x$fpl$printf2)
    __fpl_return_NaN                         0x08005f23   Thumb Code   100  retnan.o(x$fpl$retnan)
    __ARM_scalbn                             0x08005f87   Thumb Code    92  scalbn.o(x$fpl$scalbn)
    _scanf_real                              0x08005fe3   Thumb Code     4  scanf1.o(x$fpl$scanf1)
    _scanf_hex_real                          0x08005fe7   Thumb Code     4  scanf2.o(x$fpl$scanf2)
    _scanf_infnan                            0x08005feb   Thumb Code     4  scanf2.o(x$fpl$scanf2)
    __fpl_cmpreturn                          0x08005fef   Thumb Code    48  trapv.o(x$fpl$trapveneer)
    __I$use$fp                               0x0800601e   Number         0  usenofp.o(x$fpl$usenofp)
    Region$$Table$$Base                      0x08006130   Number         0  anon$$obj.o(Region$$Table)
    Region$$Table$$Limit                     0x08006150   Number         0  anon$$obj.o(Region$$Table)
    __aeabi_HUGE_VAL                         0x08006150   Data           0  fpconst.o(c$$dinf)
    __aeabi_HUGE_VALL                        0x08006150   Data           0  fpconst.o(c$$dinf)
    __aeabi_INFINITY                         0x08006150   Data           0  fpconst.o(c$$dinf)
    __dInf                                   0x08006150   Data           0  fpconst.o(c$$dinf)
    __huge_val                               0x08006150   Data           0  fpconst.o(c$$dinf)
    __ctype                                  0x08006165   Data           0  lc_ctype_c.o(locale$$data)
    SystemCoreClock                          0x20000000   Data           4  system_stm32f10x.o(.data)
    AHBPrescTable                            0x20000004   Data          16  system_stm32f10x.o(.data)
    esp8266_cnt                              0x2000002c   Data           2  esp8266.o(.data)
    esp8266_cntPre                           0x2000002e   Data           2  esp8266.o(.data)
    UsCount                                  0x20000032   Data           1  delay.o(.data)
    MsCount                                  0x20000034   Data           2  delay.o(.data)
    GPIO_InitStructure                       0x20000036   Data           4  dht11.o(.data)
    esp8266_buf                              0x20000050   Data         128  esp8266.o(.bss)
    TIM_TimeBaseStructure                    0x200000d0   Data          10  dht11.o(.bss)
    __libspace_start                         0x200000dc   Data          96  libspace.o(.bss)
    __temporary_stack_top$libspace           0x2000013c   Data           0  libspace.o(.bss)



==============================================================================

Memory Map of the image

  Image Entry point : 0x080000ed

  Load Region LR_IROM1 (Base: 0x08000000, Size: 0x000062d4, Max: 0x00010000, ABSOLUTE)

    Execution Region ER_IROM1 (Base: 0x08000000, Size: 0x00006284, Max: 0x00010000, ABSOLUTE)

    Base Addr    Size         Type   Attr      Idx    E Section Name        Object

    0x08000000   0x000000ec   Data   RO          205    RESET               startup_stm32f10x_md.o
    0x080000ec   0x00000008   Code   RO         4531  * !!!main             c_w.l(__main.o)
    0x080000f4   0x00000034   Code   RO         4973    !!!scatter          c_w.l(__scatter.o)
    0x08000128   0x0000001a   Code   RO         4975    !!handler_copy      c_w.l(__scatter_copy.o)
    0x08000142   0x00000002   PAD
    0x08000144   0x0000001c   Code   RO         4977    !!handler_zi        c_w.l(__scatter_zi.o)
    0x08000160   0x00000000   Code   RO         4502    .ARM.Collect$$_printf_percent$$00000000  c_w.l(_printf_percent.o)
    0x08000160   0x00000006   Code   RO         4630    .ARM.Collect$$_printf_percent$$00000001  c_w.l(_printf_n.o)
    0x08000166   0x00000006   Code   RO         4631    .ARM.Collect$$_printf_percent$$00000002  c_w.l(_printf_p.o)
    0x0800016c   0x00000006   Code   RO         4634    .ARM.Collect$$_printf_percent$$00000003  c_w.l(_printf_f.o)
    0x08000172   0x00000006   Code   RO         4635    .ARM.Collect$$_printf_percent$$00000004  c_w.l(_printf_e.o)
    0x08000178   0x00000006   Code   RO         4501    .ARM.Collect$$_printf_percent$$00000005  c_w.l(_printf_g.o)
    0x0800017e   0x00000006   Code   RO         4636    .ARM.Collect$$_printf_percent$$00000006  c_w.l(_printf_a.o)
    0x08000184   0x0000000a   Code   RO         4641    .ARM.Collect$$_printf_percent$$00000007  c_w.l(_printf_ll.o)
    0x0800018e   0x00000006   Code   RO         4499    .ARM.Collect$$_printf_percent$$00000008  c_w.l(_printf_i.o)
    0x08000194   0x00000006   Code   RO         4500    .ARM.Collect$$_printf_percent$$00000009  c_w.l(_printf_d.o)
    0x0800019a   0x00000006   Code   RO         4633    .ARM.Collect$$_printf_percent$$0000000A  c_w.l(_printf_u.o)
    0x080001a0   0x00000006   Code   RO         4632    .ARM.Collect$$_printf_percent$$0000000B  c_w.l(_printf_o.o)
    0x080001a6   0x00000006   Code   RO         4498    .ARM.Collect$$_printf_percent$$0000000C  c_w.l(_printf_x.o)
    0x080001ac   0x00000006   Code   RO         4638    .ARM.Collect$$_printf_percent$$0000000D  c_w.l(_printf_lli.o)
    0x080001b2   0x00000006   Code   RO         4639    .ARM.Collect$$_printf_percent$$0000000E  c_w.l(_printf_lld.o)
    0x080001b8   0x00000006   Code   RO         4640    .ARM.Collect$$_printf_percent$$0000000F  c_w.l(_printf_llu.o)
    0x080001be   0x00000006   Code   RO         4645    .ARM.Collect$$_printf_percent$$00000010  c_w.l(_printf_llo.o)
    0x080001c4   0x00000006   Code   RO         4646    .ARM.Collect$$_printf_percent$$00000011  c_w.l(_printf_llx.o)
    0x080001ca   0x0000000a   Code   RO         4642    .ARM.Collect$$_printf_percent$$00000012  c_w.l(_printf_l.o)
    0x080001d4   0x00000006   Code   RO         4629    .ARM.Collect$$_printf_percent$$00000013  c_w.l(_printf_c.o)
    0x080001da   0x00000006   Code   RO         4497    .ARM.Collect$$_printf_percent$$00000014  c_w.l(_printf_s.o)
    0x080001e0   0x00000006   Code   RO         4643    .ARM.Collect$$_printf_percent$$00000015  c_w.l(_printf_lc.o)
    0x080001e6   0x00000006   Code   RO         4644    .ARM.Collect$$_printf_percent$$00000016  c_w.l(_printf_ls.o)
    0x080001ec   0x00000004   Code   RO         4637    .ARM.Collect$$_printf_percent$$00000017  c_w.l(_printf_percent_end.o)
    0x080001f0   0x00000002   Code   RO         4864    .ARM.Collect$$libinit$$00000000  c_w.l(libinit.o)
    0x080001f2   0x00000000   Code   RO         4660    .ARM.Collect$$libinit$$00000002  c_w.l(libinit2.o)
    0x080001f2   0x00000000   Code   RO         4662    .ARM.Collect$$libinit$$00000004  c_w.l(libinit2.o)
    0x080001f2   0x00000008   Code   RO         4663    .ARM.Collect$$libinit$$00000005  c_w.l(libinit2.o)
    0x080001fa   0x00000000   Code   RO         4665    .ARM.Collect$$libinit$$0000000A  c_w.l(libinit2.o)
    0x080001fa   0x00000000   Code   RO         4667    .ARM.Collect$$libinit$$0000000C  c_w.l(libinit2.o)
    0x080001fa   0x00000000   Code   RO         4669    .ARM.Collect$$libinit$$0000000E  c_w.l(libinit2.o)
    0x080001fa   0x00000006   Code   RO         4670    .ARM.Collect$$libinit$$0000000F  c_w.l(libinit2.o)
    0x08000200   0x00000000   Code   RO         4672    .ARM.Collect$$libinit$$00000011  c_w.l(libinit2.o)
    0x08000200   0x0000000c   Code   RO         4673    .ARM.Collect$$libinit$$00000012  c_w.l(libinit2.o)
    0x0800020c   0x00000000   Code   RO         4674    .ARM.Collect$$libinit$$00000013  c_w.l(libinit2.o)
    0x0800020c   0x00000000   Code   RO         4676    .ARM.Collect$$libinit$$00000015  c_w.l(libinit2.o)
    0x0800020c   0x0000000a   Code   RO         4677    .ARM.Collect$$libinit$$00000016  c_w.l(libinit2.o)
    0x08000216   0x00000000   Code   RO         4678    .ARM.Collect$$libinit$$00000017  c_w.l(libinit2.o)
    0x08000216   0x00000000   Code   RO         4680    .ARM.Collect$$libinit$$00000019  c_w.l(libinit2.o)
    0x08000216   0x00000000   Code   RO         4682    .ARM.Collect$$libinit$$0000001B  c_w.l(libinit2.o)
    0x08000216   0x00000000   Code   RO         4684    .ARM.Collect$$libinit$$0000001D  c_w.l(libinit2.o)
    0x08000216   0x00000000   Code   RO         4686    .ARM.Collect$$libinit$$0000001F  c_w.l(libinit2.o)
    0x08000216   0x00000000   Code   RO         4688    .ARM.Collect$$libinit$$00000021  c_w.l(libinit2.o)
    0x08000216   0x00000000   Code   RO         4690    .ARM.Collect$$libinit$$00000023  c_w.l(libinit2.o)
    0x08000216   0x00000000   Code   RO         4692    .ARM.Collect$$libinit$$00000025  c_w.l(libinit2.o)
    0x08000216   0x00000000   Code   RO         4696    .ARM.Collect$$libinit$$0000002C  c_w.l(libinit2.o)
    0x08000216   0x00000000   Code   RO         4698    .ARM.Collect$$libinit$$0000002E  c_w.l(libinit2.o)
    0x08000216   0x00000000   Code   RO         4700    .ARM.Collect$$libinit$$00000030  c_w.l(libinit2.o)
    0x08000216   0x00000000   Code   RO         4702    .ARM.Collect$$libinit$$00000032  c_w.l(libinit2.o)
    0x08000216   0x00000002   Code   RO         4703    .ARM.Collect$$libinit$$00000033  c_w.l(libinit2.o)
    0x08000218   0x00000002   Code   RO         4962    .ARM.Collect$$libshutdown$$00000000  c_w.l(libshutdown.o)
    0x0800021a   0x00000000   Code   RO         4887    .ARM.Collect$$libshutdown$$00000003  c_w.l(libshutdown2.o)
    0x0800021a   0x00000000   Code   RO         4890    .ARM.Collect$$libshutdown$$00000006  c_w.l(libshutdown2.o)
    0x0800021a   0x00000000   Code   RO         4893    .ARM.Collect$$libshutdown$$00000009  c_w.l(libshutdown2.o)
    0x0800021a   0x00000000   Code   RO         4895    .ARM.Collect$$libshutdown$$0000000B  c_w.l(libshutdown2.o)
    0x0800021a   0x00000000   Code   RO         4898    .ARM.Collect$$libshutdown$$0000000E  c_w.l(libshutdown2.o)
    0x0800021a   0x00000002   Code   RO         4899    .ARM.Collect$$libshutdown$$0000000F  c_w.l(libshutdown2.o)
    0x0800021c   0x00000000   Code   RO         4569    .ARM.Collect$$rtentry$$00000000  c_w.l(__rtentry.o)
    0x0800021c   0x00000000   Code   RO         4725    .ARM.Collect$$rtentry$$00000002  c_w.l(__rtentry2.o)
    0x0800021c   0x00000006   Code   RO         4737    .ARM.Collect$$rtentry$$00000004  c_w.l(__rtentry4.o)
    0x08000222   0x00000000   Code   RO         4727    .ARM.Collect$$rtentry$$00000009  c_w.l(__rtentry2.o)
    0x08000222   0x00000004   Code   RO         4728    .ARM.Collect$$rtentry$$0000000A  c_w.l(__rtentry2.o)
    0x08000226   0x00000000   Code   RO         4730    .ARM.Collect$$rtentry$$0000000C  c_w.l(__rtentry2.o)
    0x08000226   0x00000008   Code   RO         4731    .ARM.Collect$$rtentry$$0000000D  c_w.l(__rtentry2.o)
    0x0800022e   0x00000002   Code   RO         4873    .ARM.Collect$$rtexit$$00000000  c_w.l(rtexit.o)
    0x08000230   0x00000000   Code   RO         4919    .ARM.Collect$$rtexit$$00000002  c_w.l(rtexit2.o)
    0x08000230   0x00000004   Code   RO         4920    .ARM.Collect$$rtexit$$00000003  c_w.l(rtexit2.o)
    0x08000234   0x00000006   Code   RO         4921    .ARM.Collect$$rtexit$$00000004  c_w.l(rtexit2.o)
    0x0800023a   0x00000002   PAD
    0x0800023c   0x00000000   Code   RO         4746    .emb_text           c_w.l(maybetermalloc1.o)
    0x0800023c   0x00000040   Code   RO          206    .text               startup_stm32f10x_md.o
    0x0800027c   0x0000005e   Code   RO         4378    .text               c_w.l(h1_alloc.o)
    0x080002da   0x0000004e   Code   RO         4380    .text               c_w.l(h1_free.o)
    0x08000328   0x000000b8   Code   RO         4382    .text               c_w.l(h1_realloc.o)
    0x080003e0   0x0000001a   Code   RO         4440    .text               c_w.l(tolower.o)
    0x080003fa   0x00000002   PAD
    0x080003fc   0x00000034   Code   RO         4442    .text               c_w.l(vsnprintf.o)
    0x08000430   0x0000002c   Code   RO         4444    .text               c_w.l(__2sprintf.o)
    0x0800045c   0x0000004e   Code   RO         4450    .text               c_w.l(_printf_pad.o)
    0x080004aa   0x00000052   Code   RO         4452    .text               c_w.l(_printf_str.o)
    0x080004fc   0x00000078   Code   RO         4454    .text               c_w.l(_printf_dec.o)
    0x08000574   0x00000094   Code   RO         4474    .text               c_w.l(_printf_hex_int_ll_ptr.o)
    0x08000608   0x00000188   Code   RO         4494    .text               c_w.l(__printf_flags_ss_wp.o)
    0x08000790   0x0000001a   Code   RO         4505    .text               c_w.l(atoi.o)
    0x080007aa   0x00000014   Code   RO         4507    .text               c_w.l(strchr.o)
    0x080007be   0x00000024   Code   RO         4509    .text               c_w.l(strncat.o)
    0x080007e2   0x00000024   Code   RO         4511    .text               c_w.l(strstr.o)
    0x08000806   0x0000003e   Code   RO         4515    .text               c_w.l(strlen.o)
    0x08000844   0x00000096   Code   RO         4517    .text               c_w.l(strncmp.o)
    0x080008da   0x0000008a   Code   RO         4519    .text               c_w.l(rt_memcpy_v6.o)
    0x08000964   0x00000064   Code   RO         4521    .text               c_w.l(rt_memcpy_w.o)
    0x080009c8   0x00000044   Code   RO         4523    .text               c_w.l(rt_memclr.o)
    0x08000a0c   0x0000004e   Code   RO         4525    .text               c_w.l(rt_memclr_w.o)
    0x08000a5a   0x00000002   PAD
    0x08000a5c   0x00000080   Code   RO         4527    .text               c_w.l(strcmpv7m.o)
    0x08000adc   0x00000006   Code   RO         4529    .text               c_w.l(heapauxi.o)
    0x08000ae2   0x00000002   PAD
    0x08000ae4   0x00000010   Code   RO         4570    .text               c_w.l(rt_ctype_table.o)
    0x08000af4   0x00000008   Code   RO         4575    .text               c_w.l(rt_heap_descriptor_intlibspace.o)
    0x08000afc   0x00000008   Code   RO         4580    .text               c_w.l(rt_errno_addr_intlibspace.o)
    0x08000b04   0x00000004   Code   RO         4582    .text               c_w.l(hguard.o)
    0x08000b08   0x0000008a   Code   RO         4584    .text               c_w.l(init_alloc.o)
    0x08000b92   0x0000000e   Code   RO         4588    .text               c_w.l(h1_init.o)
    0x08000ba0   0x00000024   Code   RO         4602    .text               c_w.l(_printf_truncate.o)
    0x08000bc4   0x000000b2   Code   RO         4604    .text               c_w.l(_printf_intcommon.o)
    0x08000c76   0x00000028   Code   RO         4606    .text               c_w.l(_printf_charcount.o)
    0x08000c9e   0x0000041a   Code   RO         4608    .text               c_w.l(_printf_fp_dec.o)
    0x080010b8   0x00000030   Code   RO         4610    .text               c_w.l(_printf_char_common.o)
    0x080010e8   0x0000000a   Code   RO         4612    .text               c_w.l(_sputc.o)
    0x080010f2   0x00000010   Code   RO         4614    .text               c_w.l(_snputc.o)
    0x08001102   0x0000002c   Code   RO         4616    .text               c_w.l(_printf_char.o)
    0x0800112e   0x00000002   PAD
    0x08001130   0x000000bc   Code   RO         4618    .text               c_w.l(_printf_wctomb.o)
    0x080011ec   0x0000007c   Code   RO         4621    .text               c_w.l(_printf_longlong_dec.o)
    0x08001268   0x00000070   Code   RO         4627    .text               c_w.l(_printf_oct_int_ll.o)
    0x080012d8   0x000004a4   Code   RO         4647    .text               c_w.l(scanf_fp.o)
    0x0800177c   0x00000040   Code   RO         4651    .text               c_w.l(_sgetc.o)
    0x080017bc   0x000000a0   Code   RO         4653    .text               c_w.l(strtod.o)
    0x0800185c   0x00000070   Code   RO         4655    .text               c_w.l(strtol.o)
    0x080018cc   0x00000008   Code   RO         4721    .text               c_w.l(libspace.o)
    0x080018d4   0x00000008   Code   RO         4742    .text               c_w.l(rt_locale_intlibspace.o)
    0x080018dc   0x00000034   Code   RO         4748    .text               c_w.l(h1_extend.o)
    0x08001910   0x0000008a   Code   RO         4752    .text               c_w.l(lludiv10.o)
    0x0800199a   0x00000012   Code   RO         4754    .text               c_w.l(isspace.o)
    0x080019ac   0x000002fc   Code   RO         4756    .text               c_w.l(_printf_fp_hex.o)
    0x08001ca8   0x00000080   Code   RO         4759    .text               c_w.l(_printf_fp_infnan.o)
    0x08001d28   0x0000002c   Code   RO         4763    .text               c_w.l(_printf_wchar.o)
    0x08001d54   0x0000009e   Code   RO         4767    .text               c_w.l(_strtoul.o)
    0x08001df2   0x00000002   PAD
    0x08001df4   0x000000dc   Code   RO         4769    .text               c_w.l(bigflt0.o)
    0x08001ed0   0x00000040   Code   RO         4794    .text               c_w.l(_wcrtomb.o)
    0x08001f10   0x0000000e   Code   RO         4802    .text               c_w.l(defsig_rtmem_outer.o)
    0x08001f1e   0x00000002   Code   RO         4832    .text               c_w.l(use_no_semi.o)
    0x08001f20   0x00000000   Code   RO         4834    .text               c_w.l(indicate_semi.o)
    0x08001f20   0x0000004a   Code   RO         4835    .text               c_w.l(sys_stackheap_outer.o)
    0x08001f6a   0x00000016   Code   RO         4841    .text               c_w.l(_rserrno.o)
    0x08001f80   0x0000001c   Code   RO         4843    .text               c_w.l(_chval.o)
    0x08001f9c   0x00000318   Code   RO         4845    .text               c_w.l(scanf_hexfp.o)
    0x080022b4   0x00000134   Code   RO         4847    .text               c_w.l(scanf_infnan.o)
    0x080023e8   0x0000000c   Code   RO         4849    .text               c_w.l(exit.o)
    0x080023f4   0x0000000a   Code   RO         4851    .text               c_w.l(defsig_exit.o)
    0x080023fe   0x00000002   PAD
    0x08002400   0x00000050   Code   RO         4853    .text               c_w.l(defsig_rtmem_inner.o)
    0x08002450   0x0000000c   Code   RO         4871    .text               c_w.l(sys_exit.o)
    0x0800245c   0x00000026   Code   RO         4879    .text               c_w.l(llshl.o)
    0x08002482   0x00000032   Code   RO         4883    .text               c_w.l(defsig_general.o)
    0x080024b4   0x0000000e   Code   RO         4916    .text               c_w.l(sys_wrch.o)
    0x080024c2   0x0000003e   Code   RO         4772    CL$$btod_d2e        c_w.l(btod.o)
    0x08002500   0x00000046   Code   RO         4774    CL$$btod_d2e_denorm_low  c_w.l(btod.o)
    0x08002546   0x00000060   Code   RO         4773    CL$$btod_d2e_norm_op1  c_w.l(btod.o)
    0x080025a6   0x00000338   Code   RO         4782    CL$$btod_div_common  c_w.l(btod.o)
    0x080028de   0x00000002   PAD
    0x080028e0   0x00000054   Code   RO         4780    CL$$btod_e2d        c_w.l(btod.o)
    0x08002934   0x000000c6   Code   RO         4779    CL$$btod_e2e        c_w.l(btod.o)
    0x080029fa   0x00000028   Code   RO         4776    CL$$btod_ediv       c_w.l(btod.o)
    0x08002a22   0x00000028   Code   RO         4778    CL$$btod_edivd      c_w.l(btod.o)
    0x08002a4a   0x00000028   Code   RO         4775    CL$$btod_emul       c_w.l(btod.o)
    0x08002a72   0x00000028   Code   RO         4777    CL$$btod_emuld      c_w.l(btod.o)
    0x08002a9a   0x00000244   Code   RO         4781    CL$$btod_mult_common  c_w.l(btod.o)
    0x08002cde   0x00000004   Code   RO           17    i.BusFault_Handler  stm32f10x_it.o
    0x08002ce2   0x00000002   PAD
    0x08002ce4   0x00000058   Code   RO         3649    i.DHT11_Check       dht11.o
    0x08002d3c   0x00000044   Code   RO         3650    i.DHT11_Read_Bit    dht11.o
    0x08002d80   0x00000022   Code   RO         3651    i.DHT11_Read_Byte   dht11.o
    0x08002da2   0x00000028   Code   RO         3652    i.DHT11_Read_Data1  dht11.o
    0x08002dca   0x00000002   PAD
    0x08002dcc   0x00000054   Code   RO         3653    i.DHT11_Start       dht11.o
    0x08002e20   0x00000002   Code   RO           20    i.DebugMon_Handler  stm32f10x_it.o
    0x08002e22   0x00000002   PAD
    0x08002e24   0x00000048   Code   RO         3575    i.DelayXms          delay.o
    0x08002e6c   0x00000038   Code   RO         3576    i.Delay_Init        delay.o
    0x08002ea4   0x00000030   Code   RO         3654    i.Delay_us          dht11.o
    0x08002ed4   0x0000001c   Code   RO         3289    i.ESP8266_Clear     esp8266.o
    0x08002ef0   0x00000050   Code   RO         3290    i.ESP8266_GetIPD    esp8266.o
    0x08002f40   0x000001d0   Code   RO         3291    i.ESP8266_Init      esp8266.o
    0x08003110   0x00000054   Code   RO         3292    i.ESP8266_SendCmd   esp8266.o
    0x08003164   0x00000048   Code   RO         3293    i.ESP8266_SendData  esp8266.o
    0x080031ac   0x00000034   Code   RO         3294    i.ESP8266_WaitRecive  esp8266.o
    0x080031e0   0x00000116   Code   RO         1407    i.GPIO_Init         stm32f10x_gpio.o
    0x080032f6   0x00000002   PAD
    0x080032f8   0x00000090   Code   RO         1409    i.GPIO_PinRemapConfig  stm32f10x_gpio.o
    0x08003388   0x00000012   Code   RO         1411    i.GPIO_ReadInputDataBit  stm32f10x_gpio.o
    0x0800339a   0x00000004   Code   RO         1414    i.GPIO_ResetBits    stm32f10x_gpio.o
    0x0800339e   0x00000004   Code   RO         1415    i.GPIO_SetBits      stm32f10x_gpio.o
    0x080033a2   0x0000000a   Code   RO         1418    i.GPIO_WriteBit     stm32f10x_gpio.o
    0x080033ac   0x00000004   Code   RO           21    i.HardFault_Handler  stm32f10x_it.o
    0x080033b0   0x00000034   Code   RO         3265    i.Init_Beep         beep.o
    0x080033e4   0x00000034   Code   RO         3277    i.Init_LED          led.o
    0x08003418   0x0000001c   Code   RO         3348    i.MQTT_DeleteBuffer  mqttkit.o
    0x08003434   0x0000002e   Code   RO         3349    i.MQTT_DumpLength   mqttkit.o
    0x08003462   0x00000058   Code   RO         3350    i.MQTT_NewBuffer    mqttkit.o
    0x080034ba   0x00000002   PAD
    0x080034bc   0x000002a0   Code   RO         3352    i.MQTT_PacketConnect  mqttkit.o
    0x0800375c   0x000001b8   Code   RO         3355    i.MQTT_PacketPublish  mqttkit.o
    0x08003914   0x00000048   Code   RO         3356    i.MQTT_PacketPublishAck  mqttkit.o
    0x0800395c   0x00000048   Code   RO         3357    i.MQTT_PacketPublishComp  mqttkit.o
    0x080039a4   0x00000048   Code   RO         3358    i.MQTT_PacketPublishRec  mqttkit.o
    0x080039ec   0x00000048   Code   RO         3359    i.MQTT_PacketPublishRel  mqttkit.o
    0x08003a34   0x000000fe   Code   RO         3362    i.MQTT_PacketSubscribe  mqttkit.o
    0x08003b32   0x00000046   Code   RO         3364    i.MQTT_ReadLength   mqttkit.o
    0x08003b78   0x0000008c   Code   RO         3365    i.MQTT_UnPacketCmd  mqttkit.o
    0x08003c04   0x0000001e   Code   RO         3366    i.MQTT_UnPacketConnectAck  mqttkit.o
    0x08003c22   0x00000002   PAD
    0x08003c24   0x000001c0   Code   RO         3367    i.MQTT_UnPacketPublish  mqttkit.o
    0x08003de4   0x0000001e   Code   RO         3368    i.MQTT_UnPacketPublishAck  mqttkit.o
    0x08003e02   0x0000001e   Code   RO         3369    i.MQTT_UnPacketPublishComp  mqttkit.o
    0x08003e20   0x0000001e   Code   RO         3370    i.MQTT_UnPacketPublishRec  mqttkit.o
    0x08003e3e   0x00000024   Code   RO         3371    i.MQTT_UnPacketPublishRel  mqttkit.o
    0x08003e62   0x00000002   PAD
    0x08003e64   0x00000074   Code   RO         3372    i.MQTT_UnPacketRecv  mqttkit.o
    0x08003ed8   0x00000034   Code   RO         3373    i.MQTT_UnPacketSubscribe  mqttkit.o
    0x08003f0c   0x00000012   Code   RO         3374    i.MQTT_UnPacketUnSubscribe  mqttkit.o
    0x08003f1e   0x00000004   Code   RO           22    i.MemManage_Handler  stm32f10x_it.o
    0x08003f22   0x00000002   Code   RO           23    i.NMI_Handler       stm32f10x_it.o
    0x08003f24   0x00000070   Code   RO          250    i.NVIC_Init         misc.o
    0x08003f94   0x00000224   Code   RO         3532    i.OneNet_DevLink    onenet.o
    0x080041b8   0x0000007c   Code   RO         3533    i.OneNet_Publish    onenet.o
    0x08004234   0x0000042c   Code   RO         3534    i.OneNet_RevPro     onenet.o
    0x08004660   0x0000006c   Code   RO         3535    i.OneNet_Subscribe  onenet.o
    0x080046cc   0x00000002   Code   RO           24    i.PendSV_Handler    stm32f10x_it.o
    0x080046ce   0x00000002   PAD
    0x080046d0   0x00000020   Code   RO         1823    i.RCC_APB1PeriphClockCmd  stm32f10x_rcc.o
    0x080046f0   0x00000020   Code   RO         1825    i.RCC_APB2PeriphClockCmd  stm32f10x_rcc.o
    0x08004710   0x000000d4   Code   RO         1833    i.RCC_GetClocksFreq  stm32f10x_rcc.o
    0x080047e4   0x00000002   Code   RO           25    i.SVC_Handler       stm32f10x_it.o
    0x080047e6   0x00000008   Code   RO          169    i.SetSysClock       system_stm32f10x.o
    0x080047ee   0x00000002   PAD
    0x080047f0   0x000000e0   Code   RO          170    i.SetSysClockTo72   system_stm32f10x.o
    0x080048d0   0x00000018   Code   RO          212    i.SysTick_Handler   systick.o
    0x080048e8   0x00000060   Code   RO          172    i.SystemInit        system_stm32f10x.o
    0x08004948   0x00000040   Code   RO         3655    i.TIM2_Init         dht11.o
    0x08004988   0x0000000c   Code   RO           26    i.TIM3_IRQHandler   stm32f10x_it.o
    0x08004994   0x00000018   Code   RO         2460    i.TIM_Cmd           stm32f10x_tim.o
    0x080049ac   0x00000006   Code   RO         2479    i.TIM_GetCounter    stm32f10x_tim.o
    0x080049b2   0x00000004   Code   RO         2525    i.TIM_SetCounter    stm32f10x_tim.o
    0x080049b6   0x00000002   PAD
    0x080049b8   0x000000a4   Code   RO         2531    i.TIM_TimeBaseInit  stm32f10x_tim.o
    0x08004a5c   0x0000001c   Code   RO         3606    i.USART1_IRQHandler  usart.o
    0x08004a78   0x0000004c   Code   RO         3295    i.USART2_IRQHandler  esp8266.o
    0x08004ac4   0x00000012   Code   RO         2992    i.USART_ClearFlag   stm32f10x_usart.o
    0x08004ad6   0x00000018   Code   RO         2996    i.USART_Cmd         stm32f10x_usart.o
    0x08004aee   0x0000001a   Code   RO         2999    i.USART_GetFlagStatus  stm32f10x_usart.o
    0x08004b08   0x00000054   Code   RO         3000    i.USART_GetITStatus  stm32f10x_usart.o
    0x08004b5c   0x0000004a   Code   RO         3002    i.USART_ITConfig    stm32f10x_usart.o
    0x08004ba6   0x00000002   PAD
    0x08004ba8   0x000000d8   Code   RO         3003    i.USART_Init        stm32f10x_usart.o
    0x08004c80   0x00000008   Code   RO         3013    i.USART_SendData    stm32f10x_usart.o
    0x08004c88   0x00000004   Code   RO           27    i.UsageFault_Handler  stm32f10x_it.o
    0x08004c8c   0x000000b0   Code   RO         3607    i.Usart1_Init       usart.o
    0x08004d3c   0x000000ac   Code   RO         3608    i.Usart2_Init       usart.o
    0x08004de8   0x00000048   Code   RO         3609    i.UsartPrintf       usart.o
    0x08004e30   0x00000032   Code   RO         3610    i.Usart_SendString  usart.o
    0x08004e62   0x00000028   Code   RO         4824    i.__ARM_fpclassify  m_ws.l(fpclassify.o)
    0x08004e8a   0x0000000e   Code   RO         4933    i.__mathlib_dbl_overflow  m_ws.l(dunder.o)
    0x08004e98   0x00000010   Code   RO         4935    i.__mathlib_dbl_underflow  m_ws.l(dunder.o)
    0x08004ea8   0x00000010   Code   RO         4826    i.__mathlib_narrow  m_ws.l(narrow.o)
    0x08004eb8   0x00000088   Code   RO         4827    i.__mathlib_tofloat  m_ws.l(narrow.o)
    0x08004f40   0x00000016   Code   RO         4905    i.__support_ldexp   m_ws.l(ldexp.o)
    0x08004f56   0x0000000e   Code   RO         4487    i._is_digit         c_w.l(__printf_wp.o)
    0x08004f64   0x00000048   Code   RO         3703    i.buffer_skip_whitespace  cjson.o
    0x08004fac   0x00000058   Code   RO         3735    i.cJSON_Delete      cjson.o
    0x08005004   0x00000012   Code   RO         3748    i.cJSON_GetObjectItem  cjson.o
    0x08005016   0x0000001a   Code   RO         3765    i.cJSON_New_Item    cjson.o
    0x08005030   0x00000010   Code   RO         3766    i.cJSON_Parse       cjson.o
    0x08005040   0x000000d4   Code   RO         3768    i.cJSON_ParseWithLengthOpts  cjson.o
    0x08005114   0x00000028   Code   RO         3769    i.cJSON_ParseWithOpts  cjson.o
    0x0800513c   0x00000048   Code   RO         3784    i.case_insensitive_strcmp  cjson.o
    0x08005184   0x00000058   Code   RO         4868    i.frexp             m_ws.l(frexp.o)
    0x080051dc   0x00000004   Code   RO         3790    i.get_decimal_point  cjson.o
    0x080051e0   0x00000052   Code   RO         3791    i.get_object_item   cjson.o
    0x08005232   0x00000074   Code   RO         4906    i.ldexp             m_ws.l(ldexp.o)
    0x080052a6   0x00000002   PAD
    0x080052a8   0x00000114   Code   RO         3226    i.main              main.o
    0x080053bc   0x000000f8   Code   RO         3793    i.parse_array       cjson.o
    0x080054b4   0x0000005a   Code   RO         3794    i.parse_hex4        cjson.o
    0x0800550e   0x00000002   PAD
    0x08005510   0x00000138   Code   RO         3795    i.parse_number      cjson.o
    0x08005648   0x0000013e   Code   RO         3796    i.parse_object      cjson.o
    0x08005786   0x0000018c   Code   RO         3797    i.parse_string      cjson.o
    0x08005912   0x00000002   PAD
    0x08005914   0x0000013c   Code   RO         3798    i.parse_value       cjson.o
    0x08005a50   0x0000003c   Code   RO         3809    i.skip_utf8_bom     cjson.o
    0x08005a8c   0x0000001c   Code   RO         4564    i.strtod            m_ws.l(strtod.o)
    0x08005aa8   0x0000012c   Code   RO         3812    i.utf16_literal_to_utf8  cjson.o
    0x08005bd4   0x0000002c   Code   RO         4797    locale$$code        c_w.l(lc_ctype_c.o)
    0x08005c00   0x0000002c   Code   RO         4800    locale$$code        c_w.l(lc_numeric_c.o)
    0x08005c2c   0x00000062   Code   RO         4865    x$fpl$d2f           fz_ws.l(d2f.o)
    0x08005c8e   0x00000002   PAD
    0x08005c90   0x00000010   Code   RO         4927    x$fpl$dcheck1       fz_ws.l(dcheck1.o)
    0x08005ca0   0x00000018   Code   RO         4704    x$fpl$dcmpinf       fz_ws.l(dcmpi.o)
    0x08005cb8   0x00000078   Code   RO         4539    x$fpl$deqf          fz_ws.l(deqf.o)
    0x08005d30   0x0000005e   Code   RO         4541    x$fpl$dfix          fz_ws.l(dfix.o)
    0x08005d8e   0x00000002   PAD
    0x08005d90   0x00000078   Code   RO         4551    x$fpl$dleqf         fz_ws.l(dleqf.o)
    0x08005e08   0x0000009c   Code   RO         4706    x$fpl$dnaninf       fz_ws.l(dnaninf.o)
    0x08005ea4   0x0000006c   Code   RO         4555    x$fpl$drleqf        fz_ws.l(drleqf.o)
    0x08005f10   0x0000000a   Code   RO         4900    x$fpl$fretinf       fz_ws.l(fretinf.o)
    0x08005f1a   0x00000004   Code   RO         4559    x$fpl$printf1       fz_ws.l(printf1.o)
    0x08005f1e   0x00000004   Code   RO         4712    x$fpl$printf2       fz_ws.l(printf2.o)
    0x08005f22   0x00000064   Code   RO         4967    x$fpl$retnan        fz_ws.l(retnan.o)
    0x08005f86   0x0000005c   Code   RO         4902    x$fpl$scalbn        fz_ws.l(scalbn.o)
    0x08005fe2   0x00000004   Code   RO         4561    x$fpl$scanf1        fz_ws.l(scanf1.o)
    0x08005fe6   0x00000008   Code   RO         4818    x$fpl$scanf2        fz_ws.l(scanf2.o)
    0x08005fee   0x00000030   Code   RO         4969    x$fpl$trapveneer    fz_ws.l(trapv.o)
    0x0800601e   0x00000000   Code   RO         4718    x$fpl$usenofp       fz_ws.l(usenofp.o)
    0x0800601e   0x00000002   PAD
    0x08006020   0x00000004   Data   RO         3227    .constdata          main.o
    0x08006024   0x00000028   Data   RO         4475    .constdata          c_w.l(_printf_hex_int_ll_ptr.o)
    0x0800604c   0x00000011   Data   RO         4495    .constdata          c_w.l(__printf_flags_ss_wp.o)
    0x0800605d   0x00000003   PAD
    0x08006060   0x00000008   Data   RO         4619    .constdata          c_w.l(_printf_wctomb.o)
    0x08006068   0x00000026   Data   RO         4757    .constdata          c_w.l(_printf_fp_hex.o)
    0x0800608e   0x00000002   PAD
    0x08006090   0x00000094   Data   RO         4770    .constdata          c_w.l(bigflt0.o)
    0x08006124   0x00000009   Data   RO         3228    .conststring        main.o
    0x0800612d   0x00000003   PAD
    0x08006130   0x00000020   Data   RO         4971    Region$$Table       anon$$obj.o
    0x08006150   0x00000008   Data   RO         4811    c$$dinf             fz_ws.l(fpconst.o)
    0x08006158   0x00000110   Data   RO         4796    locale$$data        c_w.l(lc_ctype_c.o)
    0x08006268   0x0000001c   Data   RO         4799    locale$$data        c_w.l(lc_numeric_c.o)


    Execution Region RW_IRAM1 (Base: 0x20000000, Size: 0x00000740, Max: 0x00005000, ABSOLUTE)

    Base Addr    Size         Type   Attr      Idx    E Section Name        Object

    0x20000000   0x00000014   Data   RW          173    .data               system_stm32f10x.o
    0x20000014   0x00000004   Data   RW          215    .data               systick.o
    0x20000018   0x00000014   Data   RW         1853    .data               stm32f10x_rcc.o
    0x2000002c   0x00000004   Data   RW         3297    .data               esp8266.o
    0x20000030   0x00000002   Data   RW         3536    .data               onenet.o
    0x20000032   0x00000004   Data   RW         3577    .data               delay.o
    0x20000036   0x00000004   Data   RW         3657    .data               dht11.o
    0x2000003a   0x00000002   PAD
    0x2000003c   0x00000014   Data   RW         3814    .data               cjson.o
    0x20000050   0x00000080   Zero   RW         3296    .bss                esp8266.o
    0x200000d0   0x0000000a   Zero   RW         3656    .bss                dht11.o
    0x200000da   0x00000002   PAD
    0x200000dc   0x00000060   Zero   RW         4722    .bss                c_w.l(libspace.o)
    0x2000013c   0x00000004   PAD
    0x20000140   0x00000200   Zero   RW          204    HEAP                startup_stm32f10x_md.o
    0x20000340   0x00000400   Zero   RW          203    STACK               startup_stm32f10x_md.o


==============================================================================

Image component sizes


      Code (inc. data)   RO Data    RW Data    ZI Data      Debug   Object Name

        52          6          0          0          0        444   beep.o
      2670         66          0         20          0      16417   cjson.o
         0          0          0          0          0       4536   core_cm3.o
       128         14          0          4          0       1234   delay.o
       426         36          0          4         10       4004   dht11.o
       856        308          0          4        128       5219   esp8266.o
        52          6          0          0          0        439   led.o
       276         68         13          0          0        751   main.o
       112         12          0          0          0        964   misc.o
      2816         26          0          0          0      17704   mqttkit.o
      1848        866          0          2          0       6815   onenet.o
        64         26        236          0       1536        820   startup_stm32f10x_md.o
       458          6          0          0          0       4886   stm32f10x_gpio.o
        36          6          0          0          0     250670   stm32f10x_it.o
       276         32          0         20          0       4330   stm32f10x_rcc.o
       198         42          0          0          0       2683   stm32f10x_tim.o
       450          6          0          0          0       5947   stm32f10x_usart.o
       328         28          0         20          0       2173   system_stm32f10x.o
        24          4          0          4          0        634   systick.o
       498         24          0          0          0       4049   usart.o

    ----------------------------------------------------------------------
     11594       1582        284         80       1676     334719   Object Totals
         0          0         32          0          0          0   (incl. Generated)
        26          0          3          2          2          0   (incl. Padding)

    ----------------------------------------------------------------------

      Code (inc. data)   RO Data    RW Data    ZI Data      Debug   Library Member Name

        44          6          0          0          0         84   __2sprintf.o
         8          0          0          0          0         68   __main.o
       392          4         17          0          0         92   __printf_flags_ss_wp.o
        14          0          0          0          0         68   __printf_wp.o
         0          0          0          0          0          0   __rtentry.o
        12          0          0          0          0          0   __rtentry2.o
         6          0          0          0          0          0   __rtentry4.o
        52          8          0          0          0          0   __scatter.o
        26          0          0          0          0          0   __scatter_copy.o
        28          0          0          0          0          0   __scatter_zi.o
        28          0          0          0          0         68   _chval.o
         6          0          0          0          0          0   _printf_a.o
         6          0          0          0          0          0   _printf_c.o
        44          0          0          0          0        108   _printf_char.o
        48          6          0          0          0         96   _printf_char_common.o
        40          0          0          0          0         68   _printf_charcount.o
         6          0          0          0          0          0   _printf_d.o
       120         16          0          0          0         92   _printf_dec.o
         6          0          0          0          0          0   _printf_e.o
         6          0          0          0          0          0   _printf_f.o
      1050          0          0          0          0        216   _printf_fp_dec.o
       764         10         38          0          0        100   _printf_fp_hex.o
       128         16          0          0          0         84   _printf_fp_infnan.o
         6          0          0          0          0          0   _printf_g.o
       148          4         40          0          0        160   _printf_hex_int_ll_ptr.o
         6          0          0          0          0          0   _printf_i.o
       178          0          0          0          0         88   _printf_intcommon.o
        10          0          0          0          0          0   _printf_l.o
         6          0          0          0          0          0   _printf_lc.o
        10          0          0          0          0          0   _printf_ll.o
         6          0          0          0          0          0   _printf_lld.o
         6          0          0          0          0          0   _printf_lli.o
         6          0          0          0          0          0   _printf_llo.o
         6          0          0          0          0          0   _printf_llu.o
         6          0          0          0          0          0   _printf_llx.o
       124         16          0          0          0         92   _printf_longlong_dec.o
         6          0          0          0          0          0   _printf_ls.o
         6          0          0          0          0          0   _printf_n.o
         6          0          0          0          0          0   _printf_o.o
       112          8          0          0          0        124   _printf_oct_int_ll.o
         6          0          0          0          0          0   _printf_p.o
        78          0          0          0          0        108   _printf_pad.o
         0          0          0          0          0          0   _printf_percent.o
         4          0          0          0          0          0   _printf_percent_end.o
         6          0          0          0          0          0   _printf_s.o
        82          0          0          0          0         80   _printf_str.o
        36          0          0          0          0         84   _printf_truncate.o
         6          0          0          0          0          0   _printf_u.o
        44          0          0          0          0        108   _printf_wchar.o
       188          6          8          0          0         92   _printf_wctomb.o
         6          0          0          0          0          0   _printf_x.o
        22          0          0          0          0        100   _rserrno.o
        64          0          0          0          0         84   _sgetc.o
        16          0          0          0          0         68   _snputc.o
        10          0          0          0          0         68   _sputc.o
       158          0          0          0          0         92   _strtoul.o
        64          0          0          0          0         92   _wcrtomb.o
        26          0          0          0          0         80   atoi.o
       220          4        148          0          0         96   bigflt0.o
      2074        132          0          0          0        940   btod.o
        10          0          0          0          0         68   defsig_exit.o
        50          0          0          0          0         88   defsig_general.o
        80         58          0          0          0         76   defsig_rtmem_inner.o
        14          0          0          0          0         80   defsig_rtmem_outer.o
        12          0          0          0          0         72   exit.o
        94          0          0          0          0         80   h1_alloc.o
        52          0          0          0          0         68   h1_extend.o
        78          0          0          0          0         80   h1_free.o
        14          0          0          0          0         84   h1_init.o
       184          0          0          0          0         92   h1_realloc.o
         6          0          0          0          0        152   heapauxi.o
         4          0          0          0          0        136   hguard.o
         0          0          0          0          0          0   indicate_semi.o
       138          0          0          0          0        168   init_alloc.o
        18          0          0          0          0         76   isspace.o
        44         10        272          0          0         76   lc_ctype_c.o
        44         10         28          0          0         76   lc_numeric_c.o
         2          0          0          0          0          0   libinit.o
        38          0          0          0          0          0   libinit2.o
         2          0          0          0          0          0   libshutdown.o
         2          0          0          0          0          0   libshutdown2.o
         8          4          0          0         96         68   libspace.o
        38          0          0          0          0         68   llshl.o
       138          0          0          0          0         80   lludiv10.o
         0          0          0          0          0          0   maybetermalloc1.o
        16          4          0          0          0         76   rt_ctype_table.o
         8          4          0          0          0         68   rt_errno_addr_intlibspace.o
         8          4          0          0          0         68   rt_heap_descriptor_intlibspace.o
         8          4          0          0          0         68   rt_locale_intlibspace.o
        68          0          0          0          0         68   rt_memclr.o
        78          0          0          0          0         80   rt_memclr_w.o
       138          0          0          0          0         68   rt_memcpy_v6.o
       100          0          0          0          0         80   rt_memcpy_w.o
         2          0          0          0          0          0   rtexit.o
        10          0          0          0          0          0   rtexit2.o
      1188         12          0          0          0        148   scanf_fp.o
       792         14          0          0          0        100   scanf_hexfp.o
       308         16          0          0          0        100   scanf_infnan.o
        20          0          0          0          0         68   strchr.o
       128          0          0          0          0         68   strcmpv7m.o
        62          0          0          0          0         76   strlen.o
        36          0          0          0          0         76   strncat.o
       150          0          0          0          0         80   strncmp.o
        36          0          0          0          0         80   strstr.o
       160         12          0          0          0        120   strtod.o
       112          0          0          0          0         88   strtol.o
        12          4          0          0          0         68   sys_exit.o
        74          0          0          0          0         80   sys_stackheap_outer.o
        14          0          0          0          0         76   sys_wrch.o
        26          0          0          0          0         76   tolower.o
         2          0          0          0          0         68   use_no_semi.o
        52          4          0          0          0         80   vsnprintf.o
        98          4          0          0          0         92   d2f.o
        16          4          0          0          0         68   dcheck1.o
        24          0          0          0          0         68   dcmpi.o
       120          4          0          0          0         92   deqf.o
        94          4          0          0          0         92   dfix.o
       120          4          0          0          0         92   dleqf.o
       156          4          0          0          0         92   dnaninf.o
       108          0          0          0          0         80   drleqf.o
         0          0          8          0          0          0   fpconst.o
        10          0          0          0          0         68   fretinf.o
         4          0          0          0          0         68   printf1.o
         4          0          0          0          0         68   printf2.o
       100          0          0          0          0         68   retnan.o
        92          0          0          0          0         68   scalbn.o
         4          0          0          0          0         68   scanf1.o
         8          0          0          0          0         84   scanf2.o
        48          0          0          0          0         68   trapv.o
         0          0          0          0          0          0   usenofp.o
        30          6          0          0          0        136   dunder.o
        40          0          0          0          0         68   fpclassify.o
        88          8          0          0          0         76   frexp.o
       138          0          0          0          0        160   ldexp.o
       152          4          0          0          0        168   narrow.o
        28          0          0          0          0         80   strtod.o

    ----------------------------------------------------------------------
     12778        440        564          0        100       9340   Library Totals
        26          2          5          0          4          0   (incl. Padding)

    ----------------------------------------------------------------------

      Code (inc. data)   RO Data    RW Data    ZI Data      Debug   Library Name

     11270        396        551          0         96       7416   c_w.l
      1006         24          8          0          0       1236   fz_ws.l
       476         18          0          0          0        688   m_ws.l

    ----------------------------------------------------------------------
     12778        440        564          0        100       9340   Library Totals

    ----------------------------------------------------------------------

==============================================================================


      Code (inc. data)   RO Data    RW Data    ZI Data      Debug   

     24372       2022        848         80       1776     333499   Grand Totals
     24372       2022        848         80       1776     333499   ELF Image Totals
     24372       2022        848         80          0          0   ROM Totals

==============================================================================

    Total RO  Size (Code + RO Data)                25220 (  24.63kB)
    Total RW  Size (RW Data + ZI Data)              1856 (   1.81kB)
    Total ROM Size (Code + RO Data + RW Data)      25300 (  24.71kB)

==============================================================================

