<html>
<body>
<pre>
<h1>µVision Build Log</h1>
<h2>Tool Versions:</h2>
IDE-Version: ¦ÌVision V5.14.0.0
Copyright (C) 2015 ARM Ltd and ARM Germany GmbH. All rights reserved.
License Information: xx CHENMENG, xxx, LIC=47GU5-GGDAW-HLLCL-0AIT1-QZ6PL-RPWC4
 
Tool Versions:
Toolchain:       MDK-ARM Standard  Version: 5.14.0.0
Toolchain Path:  C:\Keil_v5\ARM\ARMCC\Bin
C Compiler:      Armcc.exe V5.05 update 1 (build 106)
Assembler:       Armasm.exe V5.05 update 1 (build 106)
Linker/Locator:  ArmLink.exe V5.05 update 1 (build 106)
Library Manager: ArmAr.exe V5.05 update 1 (build 106)
Hex Converter:   FromElf.exe V5.05 update 1 (build 106)
CPU DLL:         SARMCM3.DLL V5.14.0.0
Dialog DLL:      DCM.DLL V1.13.1.0
Target DLL:      Segger\JL2CM3.dll V2.99.13.0
Dialog DLL:      TCM.DLL V1.14.4.0
 
<h2>Project:</h2>
C:\Users\CHENMENG\Desktop\xxx\stm32_project\stm32\fisrt_project\USER\STM32F103.uvprojx
Project File Date:  05/26/2023

<h2>Output:</h2>
Build target 'Target 1'
compiling main.c...
led.h(5): warning:  #1295-D: Deprecated declaration Init_LED - give arg types
  void Init_LED();
led.h(8): warning:  #1-D: last line of file ends without a newline
  #endif
dht11.h(20): warning:  #1-D: last line of file ends without a newline
   #endif
main.c: 3 warnings, 0 errors
compiling onenet.c...
linking...
Program Size: Code=24372 RO-data=848 RW-data=80 ZI-data=1776  
FromELF: creating hex file...
"..\OBJ\STM32F103.axf" - 0 Error(s), 3 Warning(s).

<h2>Collection of Component include folders:</h2>
  C:\Users\CHENMENG\Desktop\xxx\stm32_project\stm32\fisrt_project\USER\RTE
  C:\Keil_v5\ARM\PACK\Keil\STM32F1xx_DFP\1.0.5\Device\Include

<h2>Collection of Component Files used:</h2>
</pre>
</body>
</html>
